
> my-app@2.0.0 test
> jest --testPathPattern=components/Remanent.test.js --maxWorkers=1 --verbose

  console.warn
    SafeAreaView has been deprecated and will be removed in a future release. Please use 'react-native-safe-area-context' instead. See https://github.com/th3rdwave/react-native-safe-area-context

    [0m [90m 1207 |[39m   [36mif[39m (loading) {
     [90m 1208 |[39m     [36mreturn[39m (
    [31m[1m>[22m[39m[90m 1209 |[39m       [33m<[39m[33mSafeAreaView[39m style[33m=[39m{{ backgroundColor[33m:[39m [32m"#000"[39m[33m,[39m flex[33m:[39m [35m1[39m }}[33m>[39m
     [90m      |[39m        [31m[1m^[22m[39m
     [90m 1210 |[39m         [33m<[39m[33mView[39m style[33m=[39m{styles[33m.[39mloadingContainer}[33m>[39m
     [90m 1211 |[39m           [33m<[39m[33mActivityIndicator[39m size[33m=[39m[32m"large"[39m color[33m=[39m[32m"#0d6efd"[39m [33m/[39m[33m>[39m
     [90m 1212 |[39m           [33m<[39m[33mText[39m style[33m=[39m{styles[33m.[39mloadingText}[33m>[39m[33m┼üadowanie[39m remanent├│w[33m...[39m[33m<[39m[33m/[39m[33mText[39m[33m>[39m[0m

      at warn (node_modules/react-native/Libraries/Utilities/warnOnce.js:27:11)
      at Object.warnOnce [as SafeAreaView] (node_modules/react-native/index.js:92:5)
      at SafeAreaView (C:\Users\wbuko\Desktop\Programowanie\Programy\BukowskiMobileApp\BukowskiReactNativeBuild\app\(tabs)../../../../../../../remanent.jsx:1209:8)
      at Object.react-stack-bottom-frame (node_modules/react-test-renderer/cjs/react-test-renderer.development.js:13976:20)
      at renderWithHooks (node_modules/react-test-renderer/cjs/react-test-renderer.development.js:2866:22)
      at updateFunctionComponent (node_modules/react-test-renderer/cjs/react-test-renderer.development.js:6006:19)
      at beginWork (node_modules/react-test-renderer/cjs/react-test-renderer.development.js:7474:18)
      at runWithFiberInDEV (node_modules/react-test-renderer/cjs/react-test-renderer.development.js:1574:13)
      at performUnitOfWork (node_modules/react-test-renderer/cjs/react-test-renderer.development.js:10980:22)
      at workLoopSync (node_modules/react-test-renderer/cjs/react-test-renderer.development.js:10816:41)
      at renderRootSync (node_modules/react-test-renderer/cjs/react-test-renderer.development.js:10797:11)
      at performWorkOnRoot (node_modules/react-test-renderer/cjs/react-test-renderer.development.js:10349:13)
      at performWorkOnRootViaSchedulerTask (node_modules/react-test-renderer/cjs/react-test-renderer.development.js:2094:7)
      at flushActQueue (node_modules/react/cjs/react.development.js:566:34)
      at Object.<anonymous>.process.env.NODE_ENV.exports.act (node_modules/react/cjs/react.development.js:859:10)
      at actImplementation (node_modules/@testing-library/react-native/src/act.ts:30:25)
      at renderWithAct (node_modules/@testing-library/react-native/src/render-act.ts:13:11)
      at renderInternal (node_modules/@testing-library/react-native/src/render.tsx:69:33)
      at renderInternal (node_modules/@testing-library/react-native/src/render.tsx:44:10)
      at Object.<anonymous> (__tests__/components/Remanent.test.js:109:35)
      at asyncGeneratorStep (node_modules/@babel/runtime/helpers/asyncToGenerator.js:3:17)
      at _next (node_modules/@babel/runtime/helpers/asyncToGenerator.js:17:9)
      at node_modules/@babel/runtime/helpers/asyncToGenerator.js:22:7
      at Object.<anonymous> (node_modules/@babel/runtime/helpers/asyncToGenerator.js:14:12)

  console.error
    An update to Remanent inside a test was not wrapped in act(...).
    
    When testing, code that causes React state updates should be wrapped into act(...):
    
    act(() => {
      /* fire events that update state */
    });
    /* assert on the output */
    
    This ensures that you're testing the behavior the user would see in the browser. Learn more at https://react.dev/link/wrap-tests-with-act

    [0m [90m 134 |[39m     } [36mcatch[39m (error) {
     [90m 135 |[39m       [90m// Ultimate fallback - common options[39m
    [31m[1m>[22m[39m[90m 136 |[39m       setAvailableAssortments([[32m'ANETA'[39m[33m,[39m [32m'BARBARA'[39m[33m,[39m [32m'CLAUDIA'[39m[33m,[39m [32m'DIANA'[39m[33m,[39m [32m'ELENA'[39m])[33m;[39m
     [90m     |[39m       [31m[1m^[22m[39m
     [90m 137 |[39m       setAvailableColors([[32m'CZARNY'[39m[33m,[39m [32m'GRANATOWY'[39m[33m,[39m [32m'BR─äZOWY'[39m[33m,[39m [32m'BE┼╗OWY'[39m[33m,[39m [32m'CZERWONY'[39m])[33m;[39m
     [90m 138 |[39m       setAvailableSizes([[32m'XS'[39m[33m,[39m [32m'S'[39m[33m,[39m [32m'M'[39m[33m,[39m [32m'L'[39m[33m,[39m [32m'XL'[39m[33m,[39m [32m'XXL'[39m])[33m;[39m
     [90m 139 |[39m     }[0m

      at node_modules/react-test-renderer/cjs/react-test-renderer.development.js:11801:19
      at runWithFiberInDEV (node_modules/react-test-renderer/cjs/react-test-renderer.development.js:1574:13)
      at warnIfUpdatesNotWrappedWithActDEV (node_modules/react-test-renderer/cjs/react-test-renderer.development.js:11800:9)
      at scheduleUpdateOnFiber (node_modules/react-test-renderer/cjs/react-test-renderer.development.js:10326:9)
      at dispatchSetStateInternal (node_modules/react-test-renderer/cjs/react-test-renderer.development.js:4148:13)
      at dispatchSetState (node_modules/react-test-renderer/cjs/react-test-renderer.development.js:4107:7)
      at setAvailableAssortments (C:\Users\wbuko\Desktop\Programowanie\Programy\BukowskiMobileApp\BukowskiReactNativeBuild\app\(tabs)../../../../../../../remanent.jsx:136:7)
      at asyncGeneratorStep (node_modules/@babel/runtime/helpers/asyncToGenerator.js:3:17)
      at _next (node_modules/@babel/runtime/helpers/asyncToGenerator.js:17:9)

  console.error
    An update to Remanent inside a test was not wrapped in act(...).
    
    When testing, code that causes React state updates should be wrapped into act(...):
    
    act(() => {
      /* fire events that update state */
    });
    /* assert on the output */
    
    This ensures that you're testing the behavior the user would see in the browser. Learn more at https://react.dev/link/wrap-tests-with-act

    [0m [90m 135 |[39m       [90m// Ultimate fallback - common options[39m
     [90m 136 |[39m       setAvailableAssortments([[32m'ANETA'[39m[33m,[39m [32m'BARBARA'[39m[33m,[39m [32m'CLAUDIA'[39m[33m,[39m [32m'DIANA'[39m[33m,[39m [32m'ELENA'[39m])[33m;[39m
    [31m[1m>[22m[39m[90m 137 |[39m       setAvailableColors([[32m'CZARNY'[39m[33m,[39m [32m'GRANATOWY'[39m[33m,[39m [32m'BR─äZOWY'[39m[33m,[39m [32m'BE┼╗OWY'[39m[33m,[39m [32m'CZERWONY'[39m])[33m;[39m
     [90m     |[39m       [31m[1m^[22m[39m
     [90m 138 |[39m       setAvailableSizes([[32m'XS'[39m[33m,[39m [32m'S'[39m[33m,[39m [32m'M'[39m[33m,[39m [32m'L'[39m[33m,[39m [32m'XL'[39m[33m,[39m [32m'XXL'[39m])[33m;[39m
     [90m 139 |[39m     }
     [90m 140 |[39m   }[33m;[39m[0m

      at node_modules/react-test-renderer/cjs/react-test-renderer.development.js:11801:19
      at runWithFiberInDEV (node_modules/react-test-renderer/cjs/react-test-renderer.development.js:1574:13)
      at warnIfUpdatesNotWrappedWithActDEV (node_modules/react-test-renderer/cjs/react-test-renderer.development.js:11800:9)
      at scheduleUpdateOnFiber (node_modules/react-test-renderer/cjs/react-test-renderer.development.js:10326:9)
      at dispatchSetStateInternal (node_modules/react-test-renderer/cjs/react-test-renderer.development.js:4148:13)
      at dispatchSetState (node_modules/react-test-renderer/cjs/react-test-renderer.development.js:4107:7)
      at setAvailableColors (C:\Users\wbuko\Desktop\Programowanie\Programy\BukowskiMobileApp\BukowskiReactNativeBuild\app\(tabs)../../../../../../../remanent.jsx:137:7)
      at asyncGeneratorStep (node_modules/@babel/runtime/helpers/asyncToGenerator.js:3:17)
      at _next (node_modules/@babel/runtime/helpers/asyncToGenerator.js:17:9)

  console.error
    An update to Remanent inside a test was not wrapped in act(...).
    
    When testing, code that causes React state updates should be wrapped into act(...):
    
    act(() => {
      /* fire events that update state */
    });
    /* assert on the output */
    
    This ensures that you're testing the behavior the user would see in the browser. Learn more at https://react.dev/link/wrap-tests-with-act

    [0m [90m 136 |[39m       setAvailableAssortments([[32m'ANETA'[39m[33m,[39m [32m'BARBARA'[39m[33m,[39m [32m'CLAUDIA'[39m[33m,[39m [32m'DIANA'[39m[33m,[39m [32m'ELENA'[39m])[33m;[39m
     [90m 137 |[39m       setAvailableColors([[32m'CZARNY'[39m[33m,[39m [32m'GRANATOWY'[39m[33m,[39m [32m'BR─äZOWY'[39m[33m,[39m [32m'BE┼╗OWY'[39m[33m,[39m [32m'CZERWONY'[39m])[33m;[39m
    [31m[1m>[22m[39m[90m 138 |[39m       setAvailableSizes([[32m'XS'[39m[33m,[39m [32m'S'[39m[33m,[39m [32m'M'[39m[33m,[39m [32m'L'[39m[33m,[39m [32m'XL'[39m[33m,[39m [32m'XXL'[39m])[33m;[39m
     [90m     |[39m       [31m[1m^[22m[39m
     [90m 139 |[39m     }
     [90m 140 |[39m   }[33m;[39m
     [90m 141 |[39m[0m

      at node_modules/react-test-renderer/cjs/react-test-renderer.development.js:11801:19
      at runWithFiberInDEV (node_modules/react-test-renderer/cjs/react-test-renderer.development.js:1574:13)
      at warnIfUpdatesNotWrappedWithActDEV (node_modules/react-test-renderer/cjs/react-test-renderer.development.js:11800:9)
      at scheduleUpdateOnFiber (node_modules/react-test-renderer/cjs/react-test-renderer.development.js:10326:9)
      at dispatchSetStateInternal (node_modules/react-test-renderer/cjs/react-test-renderer.development.js:4148:13)
      at dispatchSetState (node_modules/react-test-renderer/cjs/react-test-renderer.development.js:4107:7)
      at setAvailableSizes (C:\Users\wbuko\Desktop\Programowanie\Programy\BukowskiMobileApp\BukowskiReactNativeBuild\app\(tabs)../../../../../../../remanent.jsx:138:7)
      at asyncGeneratorStep (node_modules/@babel/runtime/helpers/asyncToGenerator.js:3:17)
      at _next (node_modules/@babel/runtime/helpers/asyncToGenerator.js:17:9)

  console.error
    An update to Remanent inside a test was not wrapped in act(...).
    
    When testing, code that causes React state updates should be wrapped into act(...):
    
    act(() => {
      /* fire events that update state */
    });
    /* assert on the output */
    
    This ensures that you're testing the behavior the user would see in the browser. Learn more at https://react.dev/link/wrap-tests-with-act

    [0m [90m 313 |[39m         }
     [90m 314 |[39m         
    [31m[1m>[22m[39m[90m 315 |[39m         setRemanentData(flattenedItems)[33m;[39m
     [90m     |[39m         [31m[1m^[22m[39m
     [90m 316 |[39m       } [36melse[39m {
     [90m 317 |[39m         [90m// Start with empty list - only scanned items will be added[39m
     [90m 318 |[39m         setRemanentData([])[33m;[39m[0m

      at node_modules/react-test-renderer/cjs/react-test-renderer.development.js:11801:19
      at runWithFiberInDEV (node_modules/react-test-renderer/cjs/react-test-renderer.development.js:1574:13)
      at warnIfUpdatesNotWrappedWithActDEV (node_modules/react-test-renderer/cjs/react-test-renderer.development.js:11800:9)
      at scheduleUpdateOnFiber (node_modules/react-test-renderer/cjs/react-test-renderer.development.js:10326:9)
      at dispatchSetStateInternal (node_modules/react-test-renderer/cjs/react-test-renderer.development.js:4148:13)
      at dispatchSetState (node_modules/react-test-renderer/cjs/react-test-renderer.development.js:4107:7)
      at setRemanentData (C:\Users\wbuko\Desktop\Programowanie\Programy\BukowskiMobileApp\BukowskiReactNativeBuild\app\(tabs)../../../../../../../remanent.jsx:315:9)
      at asyncGeneratorStep (node_modules/@babel/runtime/helpers/asyncToGenerator.js:3:17)
      at _next (node_modules/@babel/runtime/helpers/asyncToGenerator.js:17:9)

  console.error
    An update to Remanent inside a test was not wrapped in act(...).
    
    When testing, code that causes React state updates should be wrapped into act(...):
    
    act(() => {
      /* fire events that update state */
    });
    /* assert on the output */
    
    This ensures that you're testing the behavior the user would see in the browser. Learn more at https://react.dev/link/wrap-tests-with-act

    [0m [90m 322 |[39m       setRemanentData([])[33m;[39m
     [90m 323 |[39m     } [36mfinally[39m {
    [31m[1m>[22m[39m[90m 324 |[39m       setLoading([36mfalse[39m)[33m;[39m
     [90m     |[39m       [31m[1m^[22m[39m
     [90m 325 |[39m     }
     [90m 326 |[39m   }[33m;[39m
     [90m 327 |[39m[0m

      at node_modules/react-test-renderer/cjs/react-test-renderer.development.js:11801:19
      at runWithFiberInDEV (node_modules/react-test-renderer/cjs/react-test-renderer.development.js:1574:13)
      at warnIfUpdatesNotWrappedWithActDEV (node_modules/react-test-renderer/cjs/react-test-renderer.development.js:11800:9)
      at scheduleUpdateOnFiber (node_modules/react-test-renderer/cjs/react-test-renderer.development.js:10326:9)
      at dispatchSetStateInternal (node_modules/react-test-renderer/cjs/react-test-renderer.development.js:4148:13)
      at dispatchSetState (node_modules/react-test-renderer/cjs/react-test-renderer.development.js:4107:7)
      at setLoading (C:\Users\wbuko\Desktop\Programowanie\Programy\BukowskiMobileApp\BukowskiReactNativeBuild\app\(tabs)../../../../../../../remanent.jsx:324:7)
      at asyncGeneratorStep (node_modules/@babel/runtime/helpers/asyncToGenerator.js:3:17)
      at _next (node_modules/@babel/runtime/helpers/asyncToGenerator.js:17:9)

  console.error
    An update to Remanent inside a test was not wrapped in act(...).
    
    When testing, code that causes React state updates should be wrapped into act(...):
    
    act(() => {
      /* fire events that update state */
    });
    /* assert on the output */
    
    This ensures that you're testing the behavior the user would see in the browser. Learn more at https://react.dev/link/wrap-tests-with-act

    [0m [90m 333 |[39m       [36mif[39m (response[33m.[39mok) {
     [90m 334 |[39m         [36mconst[39m data [33m=[39m [36mawait[39m response[33m.[39mjson()[33m;[39m
    [31m[1m>[22m[39m[90m 335 |[39m         setRemanentPriceList(data)[33m;[39m
     [90m     |[39m         [31m[1m^[22m[39m
     [90m 336 |[39m       } [36melse[39m {
     [90m 337 |[39m         console[33m.[39merror([32m'ÔŁî B┼é─ůd pobierania cennika remanent:'[39m[33m,[39m response[33m.[39mstatus)[33m;[39m
     [90m 338 |[39m       }[0m

      at node_modules/react-test-renderer/cjs/react-test-renderer.development.js:11801:19
      at runWithFiberInDEV (node_modules/react-test-renderer/cjs/react-test-renderer.development.js:1574:13)
      at warnIfUpdatesNotWrappedWithActDEV (node_modules/react-test-renderer/cjs/react-test-renderer.development.js:11800:9)
      at scheduleUpdateOnFiber (node_modules/react-test-renderer/cjs/react-test-renderer.development.js:10326:9)
      at dispatchSetStateInternal (node_modules/react-test-renderer/cjs/react-test-renderer.development.js:4148:13)
      at dispatchSetState (node_modules/react-test-renderer/cjs/react-test-renderer.development.js:4107:7)
      at setRemanentPriceList (C:\Users\wbuko\Desktop\Programowanie\Programy\BukowskiMobileApp\BukowskiReactNativeBuild\app\(tabs)../../../../../../../remanent.jsx:335:9)
      at asyncGeneratorStep (node_modules/@babel/runtime/helpers/asyncToGenerator.js:3:17)
      at _next (node_modules/@babel/runtime/helpers/asyncToGenerator.js:17:9)

  console.error
    An update to Remanent inside a test was not wrapped in act(...).
    
    When testing, code that causes React state updates should be wrapped into act(...):
    
    act(() => {
      /* fire events that update state */
    });
    /* assert on the output */
    
    This ensures that you're testing the behavior the user would see in the browser. Learn more at https://react.dev/link/wrap-tests-with-act

    [0m [90m 143 |[39m   useEffect(() [33m=>[39m {
     [90m 144 |[39m     [36mif[39m ([33m![39mremanentData [33m||[39m remanentData[33m.[39mlength [33m===[39m [35m0[39m) {
    [31m[1m>[22m[39m[90m 145 |[39m       setFilteredRemanentData([])[33m;[39m
     [90m     |[39m       [31m[1m^[22m[39m
     [90m 146 |[39m       [36mreturn[39m[33m;[39m
     [90m 147 |[39m     }
     [90m 148 |[39m[0m

      at node_modules/react-test-renderer/cjs/react-test-renderer.development.js:11801:19
      at runWithFiberInDEV (node_modules/react-test-renderer/cjs/react-test-renderer.development.js:1574:13)
      at warnIfUpdatesNotWrappedWithActDEV (node_modules/react-test-renderer/cjs/react-test-renderer.development.js:11800:9)
      at scheduleUpdateOnFiber (node_modules/react-test-renderer/cjs/react-test-renderer.development.js:10326:9)
      at dispatchSetStateInternal (node_modules/react-test-renderer/cjs/react-test-renderer.development.js:4148:13)
      at dispatchSetState (node_modules/react-test-renderer/cjs/react-test-renderer.development.js:4107:7)
      at setFilteredRemanentData (C:\Users\wbuko\Desktop\Programowanie\Programy\BukowskiMobileApp\BukowskiReactNativeBuild\app\(tabs)../../../../../../../remanent.jsx:145:7)
      at Object.react-stack-bottom-frame (node_modules/react-test-renderer/cjs/react-test-renderer.development.js:14062:20)
      at runWithFiberInDEV (node_modules/react-test-renderer/cjs/react-test-renderer.development.js:1574:13)
      at commitHookEffectListMount (node_modules/react-test-renderer/cjs/react-test-renderer.development.js:8376:29)
      at commitHookPassiveMountEffects (node_modules/react-test-renderer/cjs/react-test-renderer.development.js:8465:11)
      at commitPassiveMountOnFiber (node_modules/react-test-renderer/cjs/react-test-renderer.development.js:9782:13)
      at recursivelyTraversePassiveMountEffects (node_modules/react-test-renderer/cjs/react-test-renderer.development.js:9756:11)
      at commitPassiveMountOnFiber (node_modules/react-test-renderer/cjs/react-test-renderer.development.js:9897:11)
      at recursivelyTraversePassiveMountEffects (node_modules/react-test-renderer/cjs/react-test-renderer.development.js:9756:11)
      at commitPassiveMountOnFiber (node_modules/react-test-renderer/cjs/react-test-renderer.development.js:9794:11)
      at flushPendingEffects (node_modules/react-test-renderer/cjs/react-test-renderer.development.js:11528:11)
      at performWorkOnRootViaSchedulerTask (node_modules/react-test-renderer/cjs/react-test-renderer.development.js:2082:11)
      at Immediate.performWorkUntilDeadline [as _onImmediate] (node_modules/scheduler/cjs/scheduler.native.development.js:45:48)

  console.error
    An update to Remanent inside a test was not wrapped in act(...).
    
    When testing, code that causes React state updates should be wrapped into act(...):
    
    act(() => {
      /* fire events that update state */
    });
    /* assert on the output */
    
    This ensures that you're testing the behavior the user would see in the browser. Learn more at https://react.dev/link/wrap-tests-with-act

    [0m [90m 134 |[39m     } [36mcatch[39m (error) {
     [90m 135 |[39m       [90m// Ultimate fallback - common options[39m
    [31m[1m>[22m[39m[90m 136 |[39m       setAvailableAssortments([[32m'ANETA'[39m[33m,[39m [32m'BARBARA'[39m[33m,[39m [32m'CLAUDIA'[39m[33m,[39m [32m'DIANA'[39m[33m,[39m [32m'ELENA'[39m])[33m;[39m
     [90m     |[39m       [31m[1m^[22m[39m
     [90m 137 |[39m       setAvailableColors([[32m'CZARNY'[39m[33m,[39m [32m'GRANATOWY'[39m[33m,[39m [32m'BR─äZOWY'[39m[33m,[39m [32m'BE┼╗OWY'[39m[33m,[39m [32m'CZERWONY'[39m])[33m;[39m
     [90m 138 |[39m       setAvailableSizes([[32m'XS'[39m[33m,[39m [32m'S'[39m[33m,[39m [32m'M'[39m[33m,[39m [32m'L'[39m[33m,[39m [32m'XL'[39m[33m,[39m [32m'XXL'[39m])[33m;[39m
     [90m 139 |[39m     }[0m

      at node_modules/react-test-renderer/cjs/react-test-renderer.development.js:11801:19
      at runWithFiberInDEV (node_modules/react-test-renderer/cjs/react-test-renderer.development.js:1574:13)
      at warnIfUpdatesNotWrappedWithActDEV (node_modules/react-test-renderer/cjs/react-test-renderer.development.js:11800:9)
      at scheduleUpdateOnFiber (node_modules/react-test-renderer/cjs/react-test-renderer.development.js:10326:9)
      at dispatchSetStateInternal (node_modules/react-test-renderer/cjs/react-test-renderer.development.js:4148:13)
      at dispatchSetState (node_modules/react-test-renderer/cjs/react-test-renderer.development.js:4107:7)
      at setAvailableAssortments (C:\Users\wbuko\Desktop\Programowanie\Programy\BukowskiMobileApp\BukowskiReactNativeBuild\app\(tabs)../../../../../../../remanent.jsx:136:7)
      at asyncGeneratorStep (node_modules/@babel/runtime/helpers/asyncToGenerator.js:3:17)
      at _next (node_modules/@babel/runtime/helpers/asyncToGenerator.js:17:9)

  console.error
    An update to Remanent inside a test was not wrapped in act(...).
    
    When testing, code that causes React state updates should be wrapped into act(...):
    
    act(() => {
      /* fire events that update state */
    });
    /* assert on the output */
    
    This ensures that you're testing the behavior the user would see in the browser. Learn more at https://react.dev/link/wrap-tests-with-act

    [0m [90m 135 |[39m       [90m// Ultimate fallback - common options[39m
     [90m 136 |[39m       setAvailableAssortments([[32m'ANETA'[39m[33m,[39m [32m'BARBARA'[39m[33m,[39m [32m'CLAUDIA'[39m[33m,[39m [32m'DIANA'[39m[33m,[39m [32m'ELENA'[39m])[33m;[39m
    [31m[1m>[22m[39m[90m 137 |[39m       setAvailableColors([[32m'CZARNY'[39m[33m,[39m [32m'GRANATOWY'[39m[33m,[39m [32m'BR─äZOWY'[39m[33m,[39m [32m'BE┼╗OWY'[39m[33m,[39m [32m'CZERWONY'[39m])[33m;[39m
     [90m     |[39m       [31m[1m^[22m[39m
     [90m 138 |[39m       setAvailableSizes([[32m'XS'[39m[33m,[39m [32m'S'[39m[33m,[39m [32m'M'[39m[33m,[39m [32m'L'[39m[33m,[39m [32m'XL'[39m[33m,[39m [32m'XXL'[39m])[33m;[39m
     [90m 139 |[39m     }
     [90m 140 |[39m   }[33m;[39m[0m

      at node_modules/react-test-renderer/cjs/react-test-renderer.development.js:11801:19
      at runWithFiberInDEV (node_modules/react-test-renderer/cjs/react-test-renderer.development.js:1574:13)
      at warnIfUpdatesNotWrappedWithActDEV (node_modules/react-test-renderer/cjs/react-test-renderer.development.js:11800:9)
      at scheduleUpdateOnFiber (node_modules/react-test-renderer/cjs/react-test-renderer.development.js:10326:9)
      at dispatchSetStateInternal (node_modules/react-test-renderer/cjs/react-test-renderer.development.js:4148:13)
      at dispatchSetState (node_modules/react-test-renderer/cjs/react-test-renderer.development.js:4107:7)
      at setAvailableColors (C:\Users\wbuko\Desktop\Programowanie\Programy\BukowskiMobileApp\BukowskiReactNativeBuild\app\(tabs)../../../../../../../remanent.jsx:137:7)
      at asyncGeneratorStep (node_modules/@babel/runtime/helpers/asyncToGenerator.js:3:17)
      at _next (node_modules/@babel/runtime/helpers/asyncToGenerator.js:17:9)

  console.error
    An update to Remanent inside a test was not wrapped in act(...).
    
    When testing, code that causes React state updates should be wrapped into act(...):
    
    act(() => {
      /* fire events that update state */
    });
    /* assert on the output */
    
    This ensures that you're testing the behavior the user would see in the browser. Learn more at https://react.dev/link/wrap-tests-with-act

    [0m [90m 136 |[39m       setAvailableAssortments([[32m'ANETA'[39m[33m,[39m [32m'BARBARA'[39m[33m,[39m [32m'CLAUDIA'[39m[33m,[39m [32m'DIANA'[39m[33m,[39m [32m'ELENA'[39m])[33m;[39m
     [90m 137 |[39m       setAvailableColors([[32m'CZARNY'[39m[33m,[39m [32m'GRANATOWY'[39m[33m,[39m [32m'BR─äZOWY'[39m[33m,[39m [32m'BE┼╗OWY'[39m[33m,[39m [32m'CZERWONY'[39m])[33m;[39m
    [31m[1m>[22m[39m[90m 138 |[39m       setAvailableSizes([[32m'XS'[39m[33m,[39m [32m'S'[39m[33m,[39m [32m'M'[39m[33m,[39m [32m'L'[39m[33m,[39m [32m'XL'[39m[33m,[39m [32m'XXL'[39m])[33m;[39m
     [90m     |[39m       [31m[1m^[22m[39m
     [90m 139 |[39m     }
     [90m 140 |[39m   }[33m;[39m
     [90m 141 |[39m[0m

      at node_modules/react-test-renderer/cjs/react-test-renderer.development.js:11801:19
      at runWithFiberInDEV (node_modules/react-test-renderer/cjs/react-test-renderer.development.js:1574:13)
      at warnIfUpdatesNotWrappedWithActDEV (node_modules/react-test-renderer/cjs/react-test-renderer.development.js:11800:9)
      at scheduleUpdateOnFiber (node_modules/react-test-renderer/cjs/react-test-renderer.development.js:10326:9)
      at dispatchSetStateInternal (node_modules/react-test-renderer/cjs/react-test-renderer.development.js:4148:13)
      at dispatchSetState (node_modules/react-test-renderer/cjs/react-test-renderer.development.js:4107:7)
      at setAvailableSizes (C:\Users\wbuko\Desktop\Programowanie\Programy\BukowskiMobileApp\BukowskiReactNativeBuild\app\(tabs)../../../../../../../remanent.jsx:138:7)
      at asyncGeneratorStep (node_modules/@babel/runtime/helpers/asyncToGenerator.js:3:17)
      at _next (node_modules/@babel/runtime/helpers/asyncToGenerator.js:17:9)

  console.error
    An update to Remanent inside a test was not wrapped in act(...).
    
    When testing, code that causes React state updates should be wrapped into act(...):
    
    act(() => {
      /* fire events that update state */
    });
    /* assert on the output */
    
    This ensures that you're testing the behavior the user would see in the browser. Learn more at https://react.dev/link/wrap-tests-with-act

    [0m [90m 143 |[39m   useEffect(() [33m=>[39m {
     [90m 144 |[39m     [36mif[39m ([33m![39mremanentData [33m||[39m remanentData[33m.[39mlength [33m===[39m [35m0[39m) {
    [31m[1m>[22m[39m[90m 145 |[39m       setFilteredRemanentData([])[33m;[39m
     [90m     |[39m       [31m[1m^[22m[39m
     [90m 146 |[39m       [36mreturn[39m[33m;[39m
     [90m 147 |[39m     }
     [90m 148 |[39m[0m

      at node_modules/react-test-renderer/cjs/react-test-renderer.development.js:11801:19
      at runWithFiberInDEV (node_modules/react-test-renderer/cjs/react-test-renderer.development.js:1574:13)
      at warnIfUpdatesNotWrappedWithActDEV (node_modules/react-test-renderer/cjs/react-test-renderer.development.js:11800:9)
      at scheduleUpdateOnFiber (node_modules/react-test-renderer/cjs/react-test-renderer.development.js:10326:9)
      at dispatchSetStateInternal (node_modules/react-test-renderer/cjs/react-test-renderer.development.js:4148:13)
      at dispatchSetState (node_modules/react-test-renderer/cjs/react-test-renderer.development.js:4107:7)
      at setFilteredRemanentData (C:\Users\wbuko\Desktop\Programowanie\Programy\BukowskiMobileApp\BukowskiReactNativeBuild\app\(tabs)../../../../../../../remanent.jsx:145:7)
      at Object.react-stack-bottom-frame (node_modules/react-test-renderer/cjs/react-test-renderer.development.js:14062:20)
      at runWithFiberInDEV (node_modules/react-test-renderer/cjs/react-test-renderer.development.js:1574:13)
      at commitHookEffectListMount (node_modules/react-test-renderer/cjs/react-test-renderer.development.js:8376:29)
      at commitHookPassiveMountEffects (node_modules/react-test-renderer/cjs/react-test-renderer.development.js:8465:11)
      at commitPassiveMountOnFiber (node_modules/react-test-renderer/cjs/react-test-renderer.development.js:9782:13)
      at recursivelyTraversePassiveMountEffects (node_modules/react-test-renderer/cjs/react-test-renderer.development.js:9756:11)
      at commitPassiveMountOnFiber (node_modules/react-test-renderer/cjs/react-test-renderer.development.js:9897:11)
      at recursivelyTraversePassiveMountEffects (node_modules/react-test-renderer/cjs/react-test-renderer.development.js:9756:11)
      at commitPassiveMountOnFiber (node_modules/react-test-renderer/cjs/react-test-renderer.development.js:9794:11)
      at flushPendingEffects (node_modules/react-test-renderer/cjs/react-test-renderer.development.js:11528:11)
      at performWorkOnRootViaSchedulerTask (node_modules/react-test-renderer/cjs/react-test-renderer.development.js:2082:11)
      at Immediate.performWorkUntilDeadline [as _onImmediate] (node_modules/scheduler/cjs/scheduler.native.development.js:45:48)

  console.error
    An update to Remanent inside a test was not wrapped in act(...).
    
    When testing, code that causes React state updates should be wrapped into act(...):
    
    act(() => {
      /* fire events that update state */
    });
    /* assert on the output */
    
    This ensures that you're testing the behavior the user would see in the browser. Learn more at https://react.dev/link/wrap-tests-with-act

    [0m [90m 134 |[39m     } [36mcatch[39m (error) {
     [90m 135 |[39m       [90m// Ultimate fallback - common options[39m
    [31m[1m>[22m[39m[90m 136 |[39m       setAvailableAssortments([[32m'ANETA'[39m[33m,[39m [32m'BARBARA'[39m[33m,[39m [32m'CLAUDIA'[39m[33m,[39m [32m'DIANA'[39m[33m,[39m [32m'ELENA'[39m])[33m;[39m
     [90m     |[39m       [31m[1m^[22m[39m
     [90m 137 |[39m       setAvailableColors([[32m'CZARNY'[39m[33m,[39m [32m'GRANATOWY'[39m[33m,[39m [32m'BR─äZOWY'[39m[33m,[39m [32m'BE┼╗OWY'[39m[33m,[39m [32m'CZERWONY'[39m])[33m;[39m
     [90m 138 |[39m       setAvailableSizes([[32m'XS'[39m[33m,[39m [32m'S'[39m[33m,[39m [32m'M'[39m[33m,[39m [32m'L'[39m[33m,[39m [32m'XL'[39m[33m,[39m [32m'XXL'[39m])[33m;[39m
     [90m 139 |[39m     }[0m

      at node_modules/react-test-renderer/cjs/react-test-renderer.development.js:11801:19
      at runWithFiberInDEV (node_modules/react-test-renderer/cjs/react-test-renderer.development.js:1574:13)
      at warnIfUpdatesNotWrappedWithActDEV (node_modules/react-test-renderer/cjs/react-test-renderer.development.js:11800:9)
      at scheduleUpdateOnFiber (node_modules/react-test-renderer/cjs/react-test-renderer.development.js:10326:9)
      at dispatchSetStateInternal (node_modules/react-test-renderer/cjs/react-test-renderer.development.js:4148:13)
      at dispatchSetState (node_modules/react-test-renderer/cjs/react-test-renderer.development.js:4107:7)
      at setAvailableAssortments (C:\Users\wbuko\Desktop\Programowanie\Programy\BukowskiMobileApp\BukowskiReactNativeBuild\app\(tabs)../../../../../../../remanent.jsx:136:7)
      at asyncGeneratorStep (node_modules/@babel/runtime/helpers/asyncToGenerator.js:3:17)
      at _next (node_modules/@babel/runtime/helpers/asyncToGenerator.js:17:9)

  console.error
    An update to Remanent inside a test was not wrapped in act(...).
    
    When testing, code that causes React state updates should be wrapped into act(...):
    
    act(() => {
      /* fire events that update state */
    });
    /* assert on the output */
    
    This ensures that you're testing the behavior the user would see in the browser. Learn more at https://react.dev/link/wrap-tests-with-act

    [0m [90m 135 |[39m       [90m// Ultimate fallback - common options[39m
     [90m 136 |[39m       setAvailableAssortments([[32m'ANETA'[39m[33m,[39m [32m'BARBARA'[39m[33m,[39m [32m'CLAUDIA'[39m[33m,[39m [32m'DIANA'[39m[33m,[39m [32m'ELENA'[39m])[33m;[39m
    [31m[1m>[22m[39m[90m 137 |[39m       setAvailableColors([[32m'CZARNY'[39m[33m,[39m [32m'GRANATOWY'[39m[33m,[39m [32m'BR─äZOWY'[39m[33m,[39m [32m'BE┼╗OWY'[39m[33m,[39m [32m'CZERWONY'[39m])[33m;[39m
     [90m     |[39m       [31m[1m^[22m[39m
     [90m 138 |[39m       setAvailableSizes([[32m'XS'[39m[33m,[39m [32m'S'[39m[33m,[39m [32m'M'[39m[33m,[39m [32m'L'[39m[33m,[39m [32m'XL'[39m[33m,[39m [32m'XXL'[39m])[33m;[39m
     [90m 139 |[39m     }
     [90m 140 |[39m   }[33m;[39m[0m

      at node_modules/react-test-renderer/cjs/react-test-renderer.development.js:11801:19
      at runWithFiberInDEV (node_modules/react-test-renderer/cjs/react-test-renderer.development.js:1574:13)
      at warnIfUpdatesNotWrappedWithActDEV (node_modules/react-test-renderer/cjs/react-test-renderer.development.js:11800:9)
      at scheduleUpdateOnFiber (node_modules/react-test-renderer/cjs/react-test-renderer.development.js:10326:9)
      at dispatchSetStateInternal (node_modules/react-test-renderer/cjs/react-test-renderer.development.js:4148:13)
      at dispatchSetState (node_modules/react-test-renderer/cjs/react-test-renderer.development.js:4107:7)
      at setAvailableColors (C:\Users\wbuko\Desktop\Programowanie\Programy\BukowskiMobileApp\BukowskiReactNativeBuild\app\(tabs)../../../../../../../remanent.jsx:137:7)
      at asyncGeneratorStep (node_modules/@babel/runtime/helpers/asyncToGenerator.js:3:17)
      at _next (node_modules/@babel/runtime/helpers/asyncToGenerator.js:17:9)

  console.error
    An update to Remanent inside a test was not wrapped in act(...).
    
    When testing, code that causes React state updates should be wrapped into act(...):
    
    act(() => {
      /* fire events that update state */
    });
    /* assert on the output */
    
    This ensures that you're testing the behavior the user would see in the browser. Learn more at https://react.dev/link/wrap-tests-with-act

    [0m [90m 136 |[39m       setAvailableAssortments([[32m'ANETA'[39m[33m,[39m [32m'BARBARA'[39m[33m,[39m [32m'CLAUDIA'[39m[33m,[39m [32m'DIANA'[39m[33m,[39m [32m'ELENA'[39m])[33m;[39m
     [90m 137 |[39m       setAvailableColors([[32m'CZARNY'[39m[33m,[39m [32m'GRANATOWY'[39m[33m,[39m [32m'BR─äZOWY'[39m[33m,[39m [32m'BE┼╗OWY'[39m[33m,[39m [32m'CZERWONY'[39m])[33m;[39m
    [31m[1m>[22m[39m[90m 138 |[39m       setAvailableSizes([[32m'XS'[39m[33m,[39m [32m'S'[39m[33m,[39m [32m'M'[39m[33m,[39m [32m'L'[39m[33m,[39m [32m'XL'[39m[33m,[39m [32m'XXL'[39m])[33m;[39m
     [90m     |[39m       [31m[1m^[22m[39m
     [90m 139 |[39m     }
     [90m 140 |[39m   }[33m;[39m
     [90m 141 |[39m[0m

      at node_modules/react-test-renderer/cjs/react-test-renderer.development.js:11801:19
      at runWithFiberInDEV (node_modules/react-test-renderer/cjs/react-test-renderer.development.js:1574:13)
      at warnIfUpdatesNotWrappedWithActDEV (node_modules/react-test-renderer/cjs/react-test-renderer.development.js:11800:9)
      at scheduleUpdateOnFiber (node_modules/react-test-renderer/cjs/react-test-renderer.development.js:10326:9)
      at dispatchSetStateInternal (node_modules/react-test-renderer/cjs/react-test-renderer.development.js:4148:13)
      at dispatchSetState (node_modules/react-test-renderer/cjs/react-test-renderer.development.js:4107:7)
      at setAvailableSizes (C:\Users\wbuko\Desktop\Programowanie\Programy\BukowskiMobileApp\BukowskiReactNativeBuild\app\(tabs)../../../../../../../remanent.jsx:138:7)
      at asyncGeneratorStep (node_modules/@babel/runtime/helpers/asyncToGenerator.js:3:17)
      at _next (node_modules/@babel/runtime/helpers/asyncToGenerator.js:17:9)

  console.error
    ÔŁî Error checking current state: TypeError: allStateData.filter is not a function
        at filter (C:\Users\wbuko\Desktop\Programowanie\Programy\BukowskiMobileApp\BukowskiReactNativeBuild\app\(tabs)\remanent.jsx:648:41)
        at Generator.next (<anonymous>)
        at asyncGeneratorStep (C:\Users\wbuko\Desktop\Programowanie\Programy\BukowskiMobileApp\BukowskiReactNativeBuild\node_modules\@babel\runtime\helpers\asyncToGenerator.js:3:17)
        at _next (C:\Users\wbuko\Desktop\Programowanie\Programy\BukowskiMobileApp\BukowskiReactNativeBuild\node_modules\@babel\runtime\helpers\asyncToGenerator.js:17:9)

    [0m [90m 771 |[39m       }
     [90m 772 |[39m     } [36mcatch[39m (error) {
    [31m[1m>[22m[39m[90m 773 |[39m       console[33m.[39merror([32m'ÔŁî Error checking current state:'[39m[33m,[39m error)[33m;[39m
     [90m     |[39m               [31m[1m^[22m[39m
     [90m 774 |[39m       [33mAlert[39m[33m.[39malert([32m'B┼é─ůd'[39m[33m,[39m [32m'Wyst─ůpi┼é b┼é─ůd podczas sprawdzania stanu'[39m)[33m;[39m
     [90m 775 |[39m     }
     [90m 776 |[39m   }[33m;[39m[0m

      at error (C:\Users\wbuko\Desktop\Programowanie\Programy\BukowskiMobileApp\BukowskiReactNativeBuild\app\(tabs)../../../../../../../remanent.jsx:773:15)
      at asyncGeneratorStep (node_modules/@babel/runtime/helpers/asyncToGenerator.js:3:17)
      at _next (node_modules/@babel/runtime/helpers/asyncToGenerator.js:17:9)

  console.error
    An update to Remanent inside a test was not wrapped in act(...).
    
    When testing, code that causes React state updates should be wrapped into act(...):
    
    act(() => {
      /* fire events that update state */
    });
    /* assert on the output */
    
    This ensures that you're testing the behavior the user would see in the browser. Learn more at https://react.dev/link/wrap-tests-with-act

    [0m [90m 143 |[39m   useEffect(() [33m=>[39m {
     [90m 144 |[39m     [36mif[39m ([33m![39mremanentData [33m||[39m remanentData[33m.[39mlength [33m===[39m [35m0[39m) {
    [31m[1m>[22m[39m[90m 145 |[39m       setFilteredRemanentData([])[33m;[39m
     [90m     |[39m       [31m[1m^[22m[39m
     [90m 146 |[39m       [36mreturn[39m[33m;[39m
     [90m 147 |[39m     }
     [90m 148 |[39m[0m

      at node_modules/react-test-renderer/cjs/react-test-renderer.development.js:11801:19
      at runWithFiberInDEV (node_modules/react-test-renderer/cjs/react-test-renderer.development.js:1574:13)
      at warnIfUpdatesNotWrappedWithActDEV (node_modules/react-test-renderer/cjs/react-test-renderer.development.js:11800:9)
      at scheduleUpdateOnFiber (node_modules/react-test-renderer/cjs/react-test-renderer.development.js:10326:9)
      at dispatchSetStateInternal (node_modules/react-test-renderer/cjs/react-test-renderer.development.js:4148:13)
      at dispatchSetState (node_modules/react-test-renderer/cjs/react-test-renderer.development.js:4107:7)
      at setFilteredRemanentData (C:\Users\wbuko\Desktop\Programowanie\Programy\BukowskiMobileApp\BukowskiReactNativeBuild\app\(tabs)../../../../../../../remanent.jsx:145:7)
      at Object.react-stack-bottom-frame (node_modules/react-test-renderer/cjs/react-test-renderer.development.js:14062:20)
      at runWithFiberInDEV (node_modules/react-test-renderer/cjs/react-test-renderer.development.js:1574:13)
      at commitHookEffectListMount (node_modules/react-test-renderer/cjs/react-test-renderer.development.js:8376:29)
      at commitHookPassiveMountEffects (node_modules/react-test-renderer/cjs/react-test-renderer.development.js:8465:11)
      at commitPassiveMountOnFiber (node_modules/react-test-renderer/cjs/react-test-renderer.development.js:9782:13)
      at recursivelyTraversePassiveMountEffects (node_modules/react-test-renderer/cjs/react-test-renderer.development.js:9756:11)
      at commitPassiveMountOnFiber (node_modules/react-test-renderer/cjs/react-test-renderer.development.js:9897:11)
      at recursivelyTraversePassiveMountEffects (node_modules/react-test-renderer/cjs/react-test-renderer.development.js:9756:11)
      at commitPassiveMountOnFiber (node_modules/react-test-renderer/cjs/react-test-renderer.development.js:9794:11)
      at flushPendingEffects (node_modules/react-test-renderer/cjs/react-test-renderer.development.js:11528:11)
      at performWorkOnRootViaSchedulerTask (node_modules/react-test-renderer/cjs/react-test-renderer.development.js:2082:11)
      at Immediate.performWorkUntilDeadline [as _onImmediate] (node_modules/scheduler/cjs/scheduler.native.development.js:45:48)

  console.error
    An update to Remanent inside a test was not wrapped in act(...).
    
    When testing, code that causes React state updates should be wrapped into act(...):
    
    act(() => {
      /* fire events that update state */
    });
    /* assert on the output */
    
    This ensures that you're testing the behavior the user would see in the browser. Learn more at https://react.dev/link/wrap-tests-with-act

    [0m [90m 134 |[39m     } [36mcatch[39m (error) {
     [90m 135 |[39m       [90m// Ultimate fallback - common options[39m
    [31m[1m>[22m[39m[90m 136 |[39m       setAvailableAssortments([[32m'ANETA'[39m[33m,[39m [32m'BARBARA'[39m[33m,[39m [32m'CLAUDIA'[39m[33m,[39m [32m'DIANA'[39m[33m,[39m [32m'ELENA'[39m])[33m;[39m
     [90m     |[39m       [31m[1m^[22m[39m
     [90m 137 |[39m       setAvailableColors([[32m'CZARNY'[39m[33m,[39m [32m'GRANATOWY'[39m[33m,[39m [32m'BR─äZOWY'[39m[33m,[39m [32m'BE┼╗OWY'[39m[33m,[39m [32m'CZERWONY'[39m])[33m;[39m
     [90m 138 |[39m       setAvailableSizes([[32m'XS'[39m[33m,[39m [32m'S'[39m[33m,[39m [32m'M'[39m[33m,[39m [32m'L'[39m[33m,[39m [32m'XL'[39m[33m,[39m [32m'XXL'[39m])[33m;[39m
     [90m 139 |[39m     }[0m

      at node_modules/react-test-renderer/cjs/react-test-renderer.development.js:11801:19
      at runWithFiberInDEV (node_modules/react-test-renderer/cjs/react-test-renderer.development.js:1574:13)
      at warnIfUpdatesNotWrappedWithActDEV (node_modules/react-test-renderer/cjs/react-test-renderer.development.js:11800:9)
      at scheduleUpdateOnFiber (node_modules/react-test-renderer/cjs/react-test-renderer.development.js:10326:9)
      at dispatchSetStateInternal (node_modules/react-test-renderer/cjs/react-test-renderer.development.js:4148:13)
      at dispatchSetState (node_modules/react-test-renderer/cjs/react-test-renderer.development.js:4107:7)
      at setAvailableAssortments (C:\Users\wbuko\Desktop\Programowanie\Programy\BukowskiMobileApp\BukowskiReactNativeBuild\app\(tabs)../../../../../../../remanent.jsx:136:7)
      at asyncGeneratorStep (node_modules/@babel/runtime/helpers/asyncToGenerator.js:3:17)
      at _next (node_modules/@babel/runtime/helpers/asyncToGenerator.js:17:9)

  console.error
    An update to Remanent inside a test was not wrapped in act(...).
    
    When testing, code that causes React state updates should be wrapped into act(...):
    
    act(() => {
      /* fire events that update state */
    });
    /* assert on the output */
    
    This ensures that you're testing the behavior the user would see in the browser. Learn more at https://react.dev/link/wrap-tests-with-act

    [0m [90m 135 |[39m       [90m// Ultimate fallback - common options[39m
     [90m 136 |[39m       setAvailableAssortments([[32m'ANETA'[39m[33m,[39m [32m'BARBARA'[39m[33m,[39m [32m'CLAUDIA'[39m[33m,[39m [32m'DIANA'[39m[33m,[39m [32m'ELENA'[39m])[33m;[39m
    [31m[1m>[22m[39m[90m 137 |[39m       setAvailableColors([[32m'CZARNY'[39m[33m,[39m [32m'GRANATOWY'[39m[33m,[39m [32m'BR─äZOWY'[39m[33m,[39m [32m'BE┼╗OWY'[39m[33m,[39m [32m'CZERWONY'[39m])[33m;[39m
     [90m     |[39m       [31m[1m^[22m[39m
     [90m 138 |[39m       setAvailableSizes([[32m'XS'[39m[33m,[39m [32m'S'[39m[33m,[39m [32m'M'[39m[33m,[39m [32m'L'[39m[33m,[39m [32m'XL'[39m[33m,[39m [32m'XXL'[39m])[33m;[39m
     [90m 139 |[39m     }
     [90m 140 |[39m   }[33m;[39m[0m

      at node_modules/react-test-renderer/cjs/react-test-renderer.development.js:11801:19
      at runWithFiberInDEV (node_modules/react-test-renderer/cjs/react-test-renderer.development.js:1574:13)
      at warnIfUpdatesNotWrappedWithActDEV (node_modules/react-test-renderer/cjs/react-test-renderer.development.js:11800:9)
      at scheduleUpdateOnFiber (node_modules/react-test-renderer/cjs/react-test-renderer.development.js:10326:9)
      at dispatchSetStateInternal (node_modules/react-test-renderer/cjs/react-test-renderer.development.js:4148:13)
      at dispatchSetState (node_modules/react-test-renderer/cjs/react-test-renderer.development.js:4107:7)
      at setAvailableColors (C:\Users\wbuko\Desktop\Programowanie\Programy\BukowskiMobileApp\BukowskiReactNativeBuild\app\(tabs)../../../../../../../remanent.jsx:137:7)
      at asyncGeneratorStep (node_modules/@babel/runtime/helpers/asyncToGenerator.js:3:17)
      at _next (node_modules/@babel/runtime/helpers/asyncToGenerator.js:17:9)

  console.error
    An update to Remanent inside a test was not wrapped in act(...).
    
    When testing, code that causes React state updates should be wrapped into act(...):
    
    act(() => {
      /* fire events that update state */
    });
    /* assert on the output */
    
    This ensures that you're testing the behavior the user would see in the browser. Learn more at https://react.dev/link/wrap-tests-with-act

    [0m [90m 136 |[39m       setAvailableAssortments([[32m'ANETA'[39m[33m,[39m [32m'BARBARA'[39m[33m,[39m [32m'CLAUDIA'[39m[33m,[39m [32m'DIANA'[39m[33m,[39m [32m'ELENA'[39m])[33m;[39m
     [90m 137 |[39m       setAvailableColors([[32m'CZARNY'[39m[33m,[39m [32m'GRANATOWY'[39m[33m,[39m [32m'BR─äZOWY'[39m[33m,[39m [32m'BE┼╗OWY'[39m[33m,[39m [32m'CZERWONY'[39m])[33m;[39m
    [31m[1m>[22m[39m[90m 138 |[39m       setAvailableSizes([[32m'XS'[39m[33m,[39m [32m'S'[39m[33m,[39m [32m'M'[39m[33m,[39m [32m'L'[39m[33m,[39m [32m'XL'[39m[33m,[39m [32m'XXL'[39m])[33m;[39m
     [90m     |[39m       [31m[1m^[22m[39m
     [90m 139 |[39m     }
     [90m 140 |[39m   }[33m;[39m
     [90m 141 |[39m[0m

      at node_modules/react-test-renderer/cjs/react-test-renderer.development.js:11801:19
      at runWithFiberInDEV (node_modules/react-test-renderer/cjs/react-test-renderer.development.js:1574:13)
      at warnIfUpdatesNotWrappedWithActDEV (node_modules/react-test-renderer/cjs/react-test-renderer.development.js:11800:9)
      at scheduleUpdateOnFiber (node_modules/react-test-renderer/cjs/react-test-renderer.development.js:10326:9)
      at dispatchSetStateInternal (node_modules/react-test-renderer/cjs/react-test-renderer.development.js:4148:13)
      at dispatchSetState (node_modules/react-test-renderer/cjs/react-test-renderer.development.js:4107:7)
      at setAvailableSizes (C:\Users\wbuko\Desktop\Programowanie\Programy\BukowskiMobileApp\BukowskiReactNativeBuild\app\(tabs)../../../../../../../remanent.jsx:138:7)
      at asyncGeneratorStep (node_modules/@babel/runtime/helpers/asyncToGenerator.js:3:17)
      at _next (node_modules/@babel/runtime/helpers/asyncToGenerator.js:17:9)

  console.error
    An update to Remanent inside a test was not wrapped in act(...).
    
    When testing, code that causes React state updates should be wrapped into act(...):
    
    act(() => {
      /* fire events that update state */
    });
    /* assert on the output */
    
    This ensures that you're testing the behavior the user would see in the browser. Learn more at https://react.dev/link/wrap-tests-with-act

    [0m [90m 143 |[39m   useEffect(() [33m=>[39m {
     [90m 144 |[39m     [36mif[39m ([33m![39mremanentData [33m||[39m remanentData[33m.[39mlength [33m===[39m [35m0[39m) {
    [31m[1m>[22m[39m[90m 145 |[39m       setFilteredRemanentData([])[33m;[39m
     [90m     |[39m       [31m[1m^[22m[39m
     [90m 146 |[39m       [36mreturn[39m[33m;[39m
     [90m 147 |[39m     }
     [90m 148 |[39m[0m

      at node_modules/react-test-renderer/cjs/react-test-renderer.development.js:11801:19
      at runWithFiberInDEV (node_modules/react-test-renderer/cjs/react-test-renderer.development.js:1574:13)
      at warnIfUpdatesNotWrappedWithActDEV (node_modules/react-test-renderer/cjs/react-test-renderer.development.js:11800:9)
      at scheduleUpdateOnFiber (node_modules/react-test-renderer/cjs/react-test-renderer.development.js:10326:9)
      at dispatchSetStateInternal (node_modules/react-test-renderer/cjs/react-test-renderer.development.js:4148:13)
      at dispatchSetState (node_modules/react-test-renderer/cjs/react-test-renderer.development.js:4107:7)
      at setFilteredRemanentData (C:\Users\wbuko\Desktop\Programowanie\Programy\BukowskiMobileApp\BukowskiReactNativeBuild\app\(tabs)../../../../../../../remanent.jsx:145:7)
      at Object.react-stack-bottom-frame (node_modules/react-test-renderer/cjs/react-test-renderer.development.js:14062:20)
      at runWithFiberInDEV (node_modules/react-test-renderer/cjs/react-test-renderer.development.js:1574:13)
      at commitHookEffectListMount (node_modules/react-test-renderer/cjs/react-test-renderer.development.js:8376:29)
      at commitHookPassiveMountEffects (node_modules/react-test-renderer/cjs/react-test-renderer.development.js:8465:11)
      at commitPassiveMountOnFiber (node_modules/react-test-renderer/cjs/react-test-renderer.development.js:9782:13)
      at recursivelyTraversePassiveMountEffects (node_modules/react-test-renderer/cjs/react-test-renderer.development.js:9756:11)
      at commitPassiveMountOnFiber (node_modules/react-test-renderer/cjs/react-test-renderer.development.js:9897:11)
      at recursivelyTraversePassiveMountEffects (node_modules/react-test-renderer/cjs/react-test-renderer.development.js:9756:11)
      at commitPassiveMountOnFiber (node_modules/react-test-renderer/cjs/react-test-renderer.development.js:9794:11)
      at flushPendingEffects (node_modules/react-test-renderer/cjs/react-test-renderer.development.js:11528:11)
      at performWorkOnRootViaSchedulerTask (node_modules/react-test-renderer/cjs/react-test-renderer.development.js:2082:11)
      at Immediate.performWorkUntilDeadline [as _onImmediate] (node_modules/scheduler/cjs/scheduler.native.development.js:45:48)

  console.error
    An update to Remanent inside a test was not wrapped in act(...).
    
    When testing, code that causes React state updates should be wrapped into act(...):
    
    act(() => {
      /* fire events that update state */
    });
    /* assert on the output */
    
    This ensures that you're testing the behavior the user would see in the browser. Learn more at https://react.dev/link/wrap-tests-with-act

    [0m [90m 134 |[39m     } [36mcatch[39m (error) {
     [90m 135 |[39m       [90m// Ultimate fallback - common options[39m
    [31m[1m>[22m[39m[90m 136 |[39m       setAvailableAssortments([[32m'ANETA'[39m[33m,[39m [32m'BARBARA'[39m[33m,[39m [32m'CLAUDIA'[39m[33m,[39m [32m'DIANA'[39m[33m,[39m [32m'ELENA'[39m])[33m;[39m
     [90m     |[39m       [31m[1m^[22m[39m
     [90m 137 |[39m       setAvailableColors([[32m'CZARNY'[39m[33m,[39m [32m'GRANATOWY'[39m[33m,[39m [32m'BR─äZOWY'[39m[33m,[39m [32m'BE┼╗OWY'[39m[33m,[39m [32m'CZERWONY'[39m])[33m;[39m
     [90m 138 |[39m       setAvailableSizes([[32m'XS'[39m[33m,[39m [32m'S'[39m[33m,[39m [32m'M'[39m[33m,[39m [32m'L'[39m[33m,[39m [32m'XL'[39m[33m,[39m [32m'XXL'[39m])[33m;[39m
     [90m 139 |[39m     }[0m

      at node_modules/react-test-renderer/cjs/react-test-renderer.development.js:11801:19
      at runWithFiberInDEV (node_modules/react-test-renderer/cjs/react-test-renderer.development.js:1574:13)
      at warnIfUpdatesNotWrappedWithActDEV (node_modules/react-test-renderer/cjs/react-test-renderer.development.js:11800:9)
      at scheduleUpdateOnFiber (node_modules/react-test-renderer/cjs/react-test-renderer.development.js:10326:9)
      at dispatchSetStateInternal (node_modules/react-test-renderer/cjs/react-test-renderer.development.js:4148:13)
      at dispatchSetState (node_modules/react-test-renderer/cjs/react-test-renderer.development.js:4107:7)
      at setAvailableAssortments (C:\Users\wbuko\Desktop\Programowanie\Programy\BukowskiMobileApp\BukowskiReactNativeBuild\app\(tabs)../../../../../../../remanent.jsx:136:7)
      at asyncGeneratorStep (node_modules/@babel/runtime/helpers/asyncToGenerator.js:3:17)
      at _next (node_modules/@babel/runtime/helpers/asyncToGenerator.js:17:9)

  console.error
    An update to Remanent inside a test was not wrapped in act(...).
    
    When testing, code that causes React state updates should be wrapped into act(...):
    
    act(() => {
      /* fire events that update state */
    });
    /* assert on the output */
    
    This ensures that you're testing the behavior the user would see in the browser. Learn more at https://react.dev/link/wrap-tests-with-act

    [0m [90m 135 |[39m       [90m// Ultimate fallback - common options[39m
     [90m 136 |[39m       setAvailableAssortments([[32m'ANETA'[39m[33m,[39m [32m'BARBARA'[39m[33m,[39m [32m'CLAUDIA'[39m[33m,[39m [32m'DIANA'[39m[33m,[39m [32m'ELENA'[39m])[33m;[39m
    [31m[1m>[22m[39m[90m 137 |[39m       setAvailableColors([[32m'CZARNY'[39m[33m,[39m [32m'GRANATOWY'[39m[33m,[39m [32m'BR─äZOWY'[39m[33m,[39m [32m'BE┼╗OWY'[39m[33m,[39m [32m'CZERWONY'[39m])[33m;[39m
     [90m     |[39m       [31m[1m^[22m[39m
     [90m 138 |[39m       setAvailableSizes([[32m'XS'[39m[33m,[39m [32m'S'[39m[33m,[39m [32m'M'[39m[33m,[39m [32m'L'[39m[33m,[39m [32m'XL'[39m[33m,[39m [32m'XXL'[39m])[33m;[39m
     [90m 139 |[39m     }
     [90m 140 |[39m   }[33m;[39m[0m

      at node_modules/react-test-renderer/cjs/react-test-renderer.development.js:11801:19
      at runWithFiberInDEV (node_modules/react-test-renderer/cjs/react-test-renderer.development.js:1574:13)
      at warnIfUpdatesNotWrappedWithActDEV (node_modules/react-test-renderer/cjs/react-test-renderer.development.js:11800:9)
      at scheduleUpdateOnFiber (node_modules/react-test-renderer/cjs/react-test-renderer.development.js:10326:9)
      at dispatchSetStateInternal (node_modules/react-test-renderer/cjs/react-test-renderer.development.js:4148:13)
      at dispatchSetState (node_modules/react-test-renderer/cjs/react-test-renderer.development.js:4107:7)
      at setAvailableColors (C:\Users\wbuko\Desktop\Programowanie\Programy\BukowskiMobileApp\BukowskiReactNativeBuild\app\(tabs)../../../../../../../remanent.jsx:137:7)
      at asyncGeneratorStep (node_modules/@babel/runtime/helpers/asyncToGenerator.js:3:17)
      at _next (node_modules/@babel/runtime/helpers/asyncToGenerator.js:17:9)

  console.error
    An update to Remanent inside a test was not wrapped in act(...).
    
    When testing, code that causes React state updates should be wrapped into act(...):
    
    act(() => {
      /* fire events that update state */
    });
    /* assert on the output */
    
    This ensures that you're testing the behavior the user would see in the browser. Learn more at https://react.dev/link/wrap-tests-with-act

    [0m [90m 136 |[39m       setAvailableAssortments([[32m'ANETA'[39m[33m,[39m [32m'BARBARA'[39m[33m,[39m [32m'CLAUDIA'[39m[33m,[39m [32m'DIANA'[39m[33m,[39m [32m'ELENA'[39m])[33m;[39m
     [90m 137 |[39m       setAvailableColors([[32m'CZARNY'[39m[33m,[39m [32m'GRANATOWY'[39m[33m,[39m [32m'BR─äZOWY'[39m[33m,[39m [32m'BE┼╗OWY'[39m[33m,[39m [32m'CZERWONY'[39m])[33m;[39m
    [31m[1m>[22m[39m[90m 138 |[39m       setAvailableSizes([[32m'XS'[39m[33m,[39m [32m'S'[39m[33m,[39m [32m'M'[39m[33m,[39m [32m'L'[39m[33m,[39m [32m'XL'[39m[33m,[39m [32m'XXL'[39m])[33m;[39m
     [90m     |[39m       [31m[1m^[22m[39m
     [90m 139 |[39m     }
     [90m 140 |[39m   }[33m;[39m
     [90m 141 |[39m[0m

      at node_modules/react-test-renderer/cjs/react-test-renderer.development.js:11801:19
      at runWithFiberInDEV (node_modules/react-test-renderer/cjs/react-test-renderer.development.js:1574:13)
      at warnIfUpdatesNotWrappedWithActDEV (node_modules/react-test-renderer/cjs/react-test-renderer.development.js:11800:9)
      at scheduleUpdateOnFiber (node_modules/react-test-renderer/cjs/react-test-renderer.development.js:10326:9)
      at dispatchSetStateInternal (node_modules/react-test-renderer/cjs/react-test-renderer.development.js:4148:13)
      at dispatchSetState (node_modules/react-test-renderer/cjs/react-test-renderer.development.js:4107:7)
      at setAvailableSizes (C:\Users\wbuko\Desktop\Programowanie\Programy\BukowskiMobileApp\BukowskiReactNativeBuild\app\(tabs)../../../../../../../remanent.jsx:138:7)
      at asyncGeneratorStep (node_modules/@babel/runtime/helpers/asyncToGenerator.js:3:17)
      at _next (node_modules/@babel/runtime/helpers/asyncToGenerator.js:17:9)

  console.error
    An update to Remanent inside a test was not wrapped in act(...).
    
    When testing, code that causes React state updates should be wrapped into act(...):
    
    act(() => {
      /* fire events that update state */
    });
    /* assert on the output */
    
    This ensures that you're testing the behavior the user would see in the browser. Learn more at https://react.dev/link/wrap-tests-with-act

    [0m [90m 143 |[39m   useEffect(() [33m=>[39m {
     [90m 144 |[39m     [36mif[39m ([33m![39mremanentData [33m||[39m remanentData[33m.[39mlength [33m===[39m [35m0[39m) {
    [31m[1m>[22m[39m[90m 145 |[39m       setFilteredRemanentData([])[33m;[39m
     [90m     |[39m       [31m[1m^[22m[39m
     [90m 146 |[39m       [36mreturn[39m[33m;[39m
     [90m 147 |[39m     }
     [90m 148 |[39m[0m

      at node_modules/react-test-renderer/cjs/react-test-renderer.development.js:11801:19
      at runWithFiberInDEV (node_modules/react-test-renderer/cjs/react-test-renderer.development.js:1574:13)
      at warnIfUpdatesNotWrappedWithActDEV (node_modules/react-test-renderer/cjs/react-test-renderer.development.js:11800:9)
      at scheduleUpdateOnFiber (node_modules/react-test-renderer/cjs/react-test-renderer.development.js:10326:9)
      at dispatchSetStateInternal (node_modules/react-test-renderer/cjs/react-test-renderer.development.js:4148:13)
      at dispatchSetState (node_modules/react-test-renderer/cjs/react-test-renderer.development.js:4107:7)
      at setFilteredRemanentData (C:\Users\wbuko\Desktop\Programowanie\Programy\BukowskiMobileApp\BukowskiReactNativeBuild\app\(tabs)../../../../../../../remanent.jsx:145:7)
      at Object.react-stack-bottom-frame (node_modules/react-test-renderer/cjs/react-test-renderer.development.js:14062:20)
      at runWithFiberInDEV (node_modules/react-test-renderer/cjs/react-test-renderer.development.js:1574:13)
      at commitHookEffectListMount (node_modules/react-test-renderer/cjs/react-test-renderer.development.js:8376:29)
      at commitHookPassiveMountEffects (node_modules/react-test-renderer/cjs/react-test-renderer.development.js:8465:11)
      at commitPassiveMountOnFiber (node_modules/react-test-renderer/cjs/react-test-renderer.development.js:9782:13)
      at recursivelyTraversePassiveMountEffects (node_modules/react-test-renderer/cjs/react-test-renderer.development.js:9756:11)
      at commitPassiveMountOnFiber (node_modules/react-test-renderer/cjs/react-test-renderer.development.js:9897:11)
      at recursivelyTraversePassiveMountEffects (node_modules/react-test-renderer/cjs/react-test-renderer.development.js:9756:11)
      at commitPassiveMountOnFiber (node_modules/react-test-renderer/cjs/react-test-renderer.development.js:9794:11)
      at flushPendingEffects (node_modules/react-test-renderer/cjs/react-test-renderer.development.js:11528:11)
      at performWorkOnRootViaSchedulerTask (node_modules/react-test-renderer/cjs/react-test-renderer.development.js:2082:11)
      at Immediate.performWorkUntilDeadline [as _onImmediate] (node_modules/scheduler/cjs/scheduler.native.development.js:45:48)

  console.error
    An update to Remanent inside a test was not wrapped in act(...).
    
    When testing, code that causes React state updates should be wrapped into act(...):
    
    act(() => {
      /* fire events that update state */
    });
    /* assert on the output */
    
    This ensures that you're testing the behavior the user would see in the browser. Learn more at https://react.dev/link/wrap-tests-with-act

    [0m [90m 134 |[39m     } [36mcatch[39m (error) {
     [90m 135 |[39m       [90m// Ultimate fallback - common options[39m
    [31m[1m>[22m[39m[90m 136 |[39m       setAvailableAssortments([[32m'ANETA'[39m[33m,[39m [32m'BARBARA'[39m[33m,[39m [32m'CLAUDIA'[39m[33m,[39m [32m'DIANA'[39m[33m,[39m [32m'ELENA'[39m])[33m;[39m
     [90m     |[39m       [31m[1m^[22m[39m
     [90m 137 |[39m       setAvailableColors([[32m'CZARNY'[39m[33m,[39m [32m'GRANATOWY'[39m[33m,[39m [32m'BR─äZOWY'[39m[33m,[39m [32m'BE┼╗OWY'[39m[33m,[39m [32m'CZERWONY'[39m])[33m;[39m
     [90m 138 |[39m       setAvailableSizes([[32m'XS'[39m[33m,[39m [32m'S'[39m[33m,[39m [32m'M'[39m[33m,[39m [32m'L'[39m[33m,[39m [32m'XL'[39m[33m,[39m [32m'XXL'[39m])[33m;[39m
     [90m 139 |[39m     }[0m

      at node_modules/react-test-renderer/cjs/react-test-renderer.development.js:11801:19
      at runWithFiberInDEV (node_modules/react-test-renderer/cjs/react-test-renderer.development.js:1574:13)
      at warnIfUpdatesNotWrappedWithActDEV (node_modules/react-test-renderer/cjs/react-test-renderer.development.js:11800:9)
      at scheduleUpdateOnFiber (node_modules/react-test-renderer/cjs/react-test-renderer.development.js:10326:9)
      at dispatchSetStateInternal (node_modules/react-test-renderer/cjs/react-test-renderer.development.js:4148:13)
      at dispatchSetState (node_modules/react-test-renderer/cjs/react-test-renderer.development.js:4107:7)
      at setAvailableAssortments (C:\Users\wbuko\Desktop\Programowanie\Programy\BukowskiMobileApp\BukowskiReactNativeBuild\app\(tabs)../../../../../../../remanent.jsx:136:7)
      at asyncGeneratorStep (node_modules/@babel/runtime/helpers/asyncToGenerator.js:3:17)
      at _next (node_modules/@babel/runtime/helpers/asyncToGenerator.js:17:9)

  console.error
    An update to Remanent inside a test was not wrapped in act(...).
    
    When testing, code that causes React state updates should be wrapped into act(...):
    
    act(() => {
      /* fire events that update state */
    });
    /* assert on the output */
    
    This ensures that you're testing the behavior the user would see in the browser. Learn more at https://react.dev/link/wrap-tests-with-act

    [0m [90m 135 |[39m       [90m// Ultimate fallback - common options[39m
     [90m 136 |[39m       setAvailableAssortments([[32m'ANETA'[39m[33m,[39m [32m'BARBARA'[39m[33m,[39m [32m'CLAUDIA'[39m[33m,[39m [32m'DIANA'[39m[33m,[39m [32m'ELENA'[39m])[33m;[39m
    [31m[1m>[22m[39m[90m 137 |[39m       setAvailableColors([[32m'CZARNY'[39m[33m,[39m [32m'GRANATOWY'[39m[33m,[39m [32m'BR─äZOWY'[39m[33m,[39m [32m'BE┼╗OWY'[39m[33m,[39m [32m'CZERWONY'[39m])[33m;[39m
     [90m     |[39m       [31m[1m^[22m[39m
     [90m 138 |[39m       setAvailableSizes([[32m'XS'[39m[33m,[39m [32m'S'[39m[33m,[39m [32m'M'[39m[33m,[39m [32m'L'[39m[33m,[39m [32m'XL'[39m[33m,[39m [32m'XXL'[39m])[33m;[39m
     [90m 139 |[39m     }
     [90m 140 |[39m   }[33m;[39m[0m

      at node_modules/react-test-renderer/cjs/react-test-renderer.development.js:11801:19
      at runWithFiberInDEV (node_modules/react-test-renderer/cjs/react-test-renderer.development.js:1574:13)
      at warnIfUpdatesNotWrappedWithActDEV (node_modules/react-test-renderer/cjs/react-test-renderer.development.js:11800:9)
      at scheduleUpdateOnFiber (node_modules/react-test-renderer/cjs/react-test-renderer.development.js:10326:9)
      at dispatchSetStateInternal (node_modules/react-test-renderer/cjs/react-test-renderer.development.js:4148:13)
      at dispatchSetState (node_modules/react-test-renderer/cjs/react-test-renderer.development.js:4107:7)
      at setAvailableColors (C:\Users\wbuko\Desktop\Programowanie\Programy\BukowskiMobileApp\BukowskiReactNativeBuild\app\(tabs)../../../../../../../remanent.jsx:137:7)
      at asyncGeneratorStep (node_modules/@babel/runtime/helpers/asyncToGenerator.js:3:17)
      at _next (node_modules/@babel/runtime/helpers/asyncToGenerator.js:17:9)

  console.error
    An update to Remanent inside a test was not wrapped in act(...).
    
    When testing, code that causes React state updates should be wrapped into act(...):
    
    act(() => {
      /* fire events that update state */
    });
    /* assert on the output */
    
    This ensures that you're testing the behavior the user would see in the browser. Learn more at https://react.dev/link/wrap-tests-with-act

    [0m [90m 136 |[39m       setAvailableAssortments([[32m'ANETA'[39m[33m,[39m [32m'BARBARA'[39m[33m,[39m [32m'CLAUDIA'[39m[33m,[39m [32m'DIANA'[39m[33m,[39m [32m'ELENA'[39m])[33m;[39m
     [90m 137 |[39m       setAvailableColors([[32m'CZARNY'[39m[33m,[39m [32m'GRANATOWY'[39m[33m,[39m [32m'BR─äZOWY'[39m[33m,[39m [32m'BE┼╗OWY'[39m[33m,[39m [32m'CZERWONY'[39m])[33m;[39m
    [31m[1m>[22m[39m[90m 138 |[39m       setAvailableSizes([[32m'XS'[39m[33m,[39m [32m'S'[39m[33m,[39m [32m'M'[39m[33m,[39m [32m'L'[39m[33m,[39m [32m'XL'[39m[33m,[39m [32m'XXL'[39m])[33m;[39m
     [90m     |[39m       [31m[1m^[22m[39m
     [90m 139 |[39m     }
     [90m 140 |[39m   }[33m;[39m
     [90m 141 |[39m[0m

      at node_modules/react-test-renderer/cjs/react-test-renderer.development.js:11801:19
      at runWithFiberInDEV (node_modules/react-test-renderer/cjs/react-test-renderer.development.js:1574:13)
      at warnIfUpdatesNotWrappedWithActDEV (node_modules/react-test-renderer/cjs/react-test-renderer.development.js:11800:9)
      at scheduleUpdateOnFiber (node_modules/react-test-renderer/cjs/react-test-renderer.development.js:10326:9)
      at dispatchSetStateInternal (node_modules/react-test-renderer/cjs/react-test-renderer.development.js:4148:13)
      at dispatchSetState (node_modules/react-test-renderer/cjs/react-test-renderer.development.js:4107:7)
      at setAvailableSizes (C:\Users\wbuko\Desktop\Programowanie\Programy\BukowskiMobileApp\BukowskiReactNativeBuild\app\(tabs)../../../../../../../remanent.jsx:138:7)
      at asyncGeneratorStep (node_modules/@babel/runtime/helpers/asyncToGenerator.js:3:17)
      at _next (node_modules/@babel/runtime/helpers/asyncToGenerator.js:17:9)

  console.error
    An update to Remanent inside a test was not wrapped in act(...).
    
    When testing, code that causes React state updates should be wrapped into act(...):
    
    act(() => {
      /* fire events that update state */
    });
    /* assert on the output */
    
    This ensures that you're testing the behavior the user would see in the browser. Learn more at https://react.dev/link/wrap-tests-with-act

    [0m [90m 143 |[39m   useEffect(() [33m=>[39m {
     [90m 144 |[39m     [36mif[39m ([33m![39mremanentData [33m||[39m remanentData[33m.[39mlength [33m===[39m [35m0[39m) {
    [31m[1m>[22m[39m[90m 145 |[39m       setFilteredRemanentData([])[33m;[39m
     [90m     |[39m       [31m[1m^[22m[39m
     [90m 146 |[39m       [36mreturn[39m[33m;[39m
     [90m 147 |[39m     }
     [90m 148 |[39m[0m

      at node_modules/react-test-renderer/cjs/react-test-renderer.development.js:11801:19
      at runWithFiberInDEV (node_modules/react-test-renderer/cjs/react-test-renderer.development.js:1574:13)
      at warnIfUpdatesNotWrappedWithActDEV (node_modules/react-test-renderer/cjs/react-test-renderer.development.js:11800:9)
      at scheduleUpdateOnFiber (node_modules/react-test-renderer/cjs/react-test-renderer.development.js:10326:9)
      at dispatchSetStateInternal (node_modules/react-test-renderer/cjs/react-test-renderer.development.js:4148:13)
      at dispatchSetState (node_modules/react-test-renderer/cjs/react-test-renderer.development.js:4107:7)
      at setFilteredRemanentData (C:\Users\wbuko\Desktop\Programowanie\Programy\BukowskiMobileApp\BukowskiReactNativeBuild\app\(tabs)../../../../../../../remanent.jsx:145:7)
      at Object.react-stack-bottom-frame (node_modules/react-test-renderer/cjs/react-test-renderer.development.js:14062:20)
      at runWithFiberInDEV (node_modules/react-test-renderer/cjs/react-test-renderer.development.js:1574:13)
      at commitHookEffectListMount (node_modules/react-test-renderer/cjs/react-test-renderer.development.js:8376:29)
      at commitHookPassiveMountEffects (node_modules/react-test-renderer/cjs/react-test-renderer.development.js:8465:11)
      at commitPassiveMountOnFiber (node_modules/react-test-renderer/cjs/react-test-renderer.development.js:9782:13)
      at recursivelyTraversePassiveMountEffects (node_modules/react-test-renderer/cjs/react-test-renderer.development.js:9756:11)
      at commitPassiveMountOnFiber (node_modules/react-test-renderer/cjs/react-test-renderer.development.js:9897:11)
      at recursivelyTraversePassiveMountEffects (node_modules/react-test-renderer/cjs/react-test-renderer.development.js:9756:11)
      at commitPassiveMountOnFiber (node_modules/react-test-renderer/cjs/react-test-renderer.development.js:9794:11)
      at flushPendingEffects (node_modules/react-test-renderer/cjs/react-test-renderer.development.js:11528:11)
      at performWorkOnRootViaSchedulerTask (node_modules/react-test-renderer/cjs/react-test-renderer.development.js:2082:11)
      at Immediate.performWorkUntilDeadline [as _onImmediate] (node_modules/scheduler/cjs/scheduler.native.development.js:45:48)

  console.error
    An update to Remanent inside a test was not wrapped in act(...).
    
    When testing, code that causes React state updates should be wrapped into act(...):
    
    act(() => {
      /* fire events that update state */
    });
    /* assert on the output */
    
    This ensures that you're testing the behavior the user would see in the browser. Learn more at https://react.dev/link/wrap-tests-with-act

    [0m [90m 134 |[39m     } [36mcatch[39m (error) {
     [90m 135 |[39m       [90m// Ultimate fallback - common options[39m
    [31m[1m>[22m[39m[90m 136 |[39m       setAvailableAssortments([[32m'ANETA'[39m[33m,[39m [32m'BARBARA'[39m[33m,[39m [32m'CLAUDIA'[39m[33m,[39m [32m'DIANA'[39m[33m,[39m [32m'ELENA'[39m])[33m;[39m
     [90m     |[39m       [31m[1m^[22m[39m
     [90m 137 |[39m       setAvailableColors([[32m'CZARNY'[39m[33m,[39m [32m'GRANATOWY'[39m[33m,[39m [32m'BR─äZOWY'[39m[33m,[39m [32m'BE┼╗OWY'[39m[33m,[39m [32m'CZERWONY'[39m])[33m;[39m
     [90m 138 |[39m       setAvailableSizes([[32m'XS'[39m[33m,[39m [32m'S'[39m[33m,[39m [32m'M'[39m[33m,[39m [32m'L'[39m[33m,[39m [32m'XL'[39m[33m,[39m [32m'XXL'[39m])[33m;[39m
     [90m 139 |[39m     }[0m

      at node_modules/react-test-renderer/cjs/react-test-renderer.development.js:11801:19
      at runWithFiberInDEV (node_modules/react-test-renderer/cjs/react-test-renderer.development.js:1574:13)
      at warnIfUpdatesNotWrappedWithActDEV (node_modules/react-test-renderer/cjs/react-test-renderer.development.js:11800:9)
      at scheduleUpdateOnFiber (node_modules/react-test-renderer/cjs/react-test-renderer.development.js:10326:9)
      at dispatchSetStateInternal (node_modules/react-test-renderer/cjs/react-test-renderer.development.js:4148:13)
      at dispatchSetState (node_modules/react-test-renderer/cjs/react-test-renderer.development.js:4107:7)
      at setAvailableAssortments (C:\Users\wbuko\Desktop\Programowanie\Programy\BukowskiMobileApp\BukowskiReactNativeBuild\app\(tabs)../../../../../../../remanent.jsx:136:7)
      at asyncGeneratorStep (node_modules/@babel/runtime/helpers/asyncToGenerator.js:3:17)
      at _next (node_modules/@babel/runtime/helpers/asyncToGenerator.js:17:9)

  console.error
    An update to Remanent inside a test was not wrapped in act(...).
    
    When testing, code that causes React state updates should be wrapped into act(...):
    
    act(() => {
      /* fire events that update state */
    });
    /* assert on the output */
    
    This ensures that you're testing the behavior the user would see in the browser. Learn more at https://react.dev/link/wrap-tests-with-act

    [0m [90m 135 |[39m       [90m// Ultimate fallback - common options[39m
     [90m 136 |[39m       setAvailableAssortments([[32m'ANETA'[39m[33m,[39m [32m'BARBARA'[39m[33m,[39m [32m'CLAUDIA'[39m[33m,[39m [32m'DIANA'[39m[33m,[39m [32m'ELENA'[39m])[33m;[39m
    [31m[1m>[22m[39m[90m 137 |[39m       setAvailableColors([[32m'CZARNY'[39m[33m,[39m [32m'GRANATOWY'[39m[33m,[39m [32m'BR─äZOWY'[39m[33m,[39m [32m'BE┼╗OWY'[39m[33m,[39m [32m'CZERWONY'[39m])[33m;[39m
     [90m     |[39m       [31m[1m^[22m[39m
     [90m 138 |[39m       setAvailableSizes([[32m'XS'[39m[33m,[39m [32m'S'[39m[33m,[39m [32m'M'[39m[33m,[39m [32m'L'[39m[33m,[39m [32m'XL'[39m[33m,[39m [32m'XXL'[39m])[33m;[39m
     [90m 139 |[39m     }
     [90m 140 |[39m   }[33m;[39m[0m

      at node_modules/react-test-renderer/cjs/react-test-renderer.development.js:11801:19
      at runWithFiberInDEV (node_modules/react-test-renderer/cjs/react-test-renderer.development.js:1574:13)
      at warnIfUpdatesNotWrappedWithActDEV (node_modules/react-test-renderer/cjs/react-test-renderer.development.js:11800:9)
      at scheduleUpdateOnFiber (node_modules/react-test-renderer/cjs/react-test-renderer.development.js:10326:9)
      at dispatchSetStateInternal (node_modules/react-test-renderer/cjs/react-test-renderer.development.js:4148:13)
      at dispatchSetState (node_modules/react-test-renderer/cjs/react-test-renderer.development.js:4107:7)
      at setAvailableColors (C:\Users\wbuko\Desktop\Programowanie\Programy\BukowskiMobileApp\BukowskiReactNativeBuild\app\(tabs)../../../../../../../remanent.jsx:137:7)
      at asyncGeneratorStep (node_modules/@babel/runtime/helpers/asyncToGenerator.js:3:17)
      at _next (node_modules/@babel/runtime/helpers/asyncToGenerator.js:17:9)

  console.error
    An update to Remanent inside a test was not wrapped in act(...).
    
    When testing, code that causes React state updates should be wrapped into act(...):
    
    act(() => {
      /* fire events that update state */
    });
    /* assert on the output */
    
    This ensures that you're testing the behavior the user would see in the browser. Learn more at https://react.dev/link/wrap-tests-with-act

    [0m [90m 136 |[39m       setAvailableAssortments([[32m'ANETA'[39m[33m,[39m [32m'BARBARA'[39m[33m,[39m [32m'CLAUDIA'[39m[33m,[39m [32m'DIANA'[39m[33m,[39m [32m'ELENA'[39m])[33m;[39m
     [90m 137 |[39m       setAvailableColors([[32m'CZARNY'[39m[33m,[39m [32m'GRANATOWY'[39m[33m,[39m [32m'BR─äZOWY'[39m[33m,[39m [32m'BE┼╗OWY'[39m[33m,[39m [32m'CZERWONY'[39m])[33m;[39m
    [31m[1m>[22m[39m[90m 138 |[39m       setAvailableSizes([[32m'XS'[39m[33m,[39m [32m'S'[39m[33m,[39m [32m'M'[39m[33m,[39m [32m'L'[39m[33m,[39m [32m'XL'[39m[33m,[39m [32m'XXL'[39m])[33m;[39m
     [90m     |[39m       [31m[1m^[22m[39m
     [90m 139 |[39m     }
     [90m 140 |[39m   }[33m;[39m
     [90m 141 |[39m[0m

      at node_modules/react-test-renderer/cjs/react-test-renderer.development.js:11801:19
      at runWithFiberInDEV (node_modules/react-test-renderer/cjs/react-test-renderer.development.js:1574:13)
      at warnIfUpdatesNotWrappedWithActDEV (node_modules/react-test-renderer/cjs/react-test-renderer.development.js:11800:9)
      at scheduleUpdateOnFiber (node_modules/react-test-renderer/cjs/react-test-renderer.development.js:10326:9)
      at dispatchSetStateInternal (node_modules/react-test-renderer/cjs/react-test-renderer.development.js:4148:13)
      at dispatchSetState (node_modules/react-test-renderer/cjs/react-test-renderer.development.js:4107:7)
      at setAvailableSizes (C:\Users\wbuko\Desktop\Programowanie\Programy\BukowskiMobileApp\BukowskiReactNativeBuild\app\(tabs)../../../../../../../remanent.jsx:138:7)
      at asyncGeneratorStep (node_modules/@babel/runtime/helpers/asyncToGenerator.js:3:17)
      at _next (node_modules/@babel/runtime/helpers/asyncToGenerator.js:17:9)

  console.error
    An update to Remanent inside a test was not wrapped in act(...).
    
    When testing, code that causes React state updates should be wrapped into act(...):
    
    act(() => {
      /* fire events that update state */
    });
    /* assert on the output */
    
    This ensures that you're testing the behavior the user would see in the browser. Learn more at https://react.dev/link/wrap-tests-with-act

    [0m [90m 143 |[39m   useEffect(() [33m=>[39m {
     [90m 144 |[39m     [36mif[39m ([33m![39mremanentData [33m||[39m remanentData[33m.[39mlength [33m===[39m [35m0[39m) {
    [31m[1m>[22m[39m[90m 145 |[39m       setFilteredRemanentData([])[33m;[39m
     [90m     |[39m       [31m[1m^[22m[39m
     [90m 146 |[39m       [36mreturn[39m[33m;[39m
     [90m 147 |[39m     }
     [90m 148 |[39m[0m

      at node_modules/react-test-renderer/cjs/react-test-renderer.development.js:11801:19
      at runWithFiberInDEV (node_modules/react-test-renderer/cjs/react-test-renderer.development.js:1574:13)
      at warnIfUpdatesNotWrappedWithActDEV (node_modules/react-test-renderer/cjs/react-test-renderer.development.js:11800:9)
      at scheduleUpdateOnFiber (node_modules/react-test-renderer/cjs/react-test-renderer.development.js:10326:9)
      at dispatchSetStateInternal (node_modules/react-test-renderer/cjs/react-test-renderer.development.js:4148:13)
      at dispatchSetState (node_modules/react-test-renderer/cjs/react-test-renderer.development.js:4107:7)
      at setFilteredRemanentData (C:\Users\wbuko\Desktop\Programowanie\Programy\BukowskiMobileApp\BukowskiReactNativeBuild\app\(tabs)../../../../../../../remanent.jsx:145:7)
      at Object.react-stack-bottom-frame (node_modules/react-test-renderer/cjs/react-test-renderer.development.js:14062:20)
      at runWithFiberInDEV (node_modules/react-test-renderer/cjs/react-test-renderer.development.js:1574:13)
      at commitHookEffectListMount (node_modules/react-test-renderer/cjs/react-test-renderer.development.js:8376:29)
      at commitHookPassiveMountEffects (node_modules/react-test-renderer/cjs/react-test-renderer.development.js:8465:11)
      at commitPassiveMountOnFiber (node_modules/react-test-renderer/cjs/react-test-renderer.development.js:9782:13)
      at recursivelyTraversePassiveMountEffects (node_modules/react-test-renderer/cjs/react-test-renderer.development.js:9756:11)
      at commitPassiveMountOnFiber (node_modules/react-test-renderer/cjs/react-test-renderer.development.js:9897:11)
      at recursivelyTraversePassiveMountEffects (node_modules/react-test-renderer/cjs/react-test-renderer.development.js:9756:11)
      at commitPassiveMountOnFiber (node_modules/react-test-renderer/cjs/react-test-renderer.development.js:9794:11)
      at flushPendingEffects (node_modules/react-test-renderer/cjs/react-test-renderer.development.js:11528:11)
      at performWorkOnRootViaSchedulerTask (node_modules/react-test-renderer/cjs/react-test-renderer.development.js:2082:11)
      at Immediate.performWorkUntilDeadline [as _onImmediate] (node_modules/scheduler/cjs/scheduler.native.development.js:45:48)

  console.error
    An update to Remanent inside a test was not wrapped in act(...).
    
    When testing, code that causes React state updates should be wrapped into act(...):
    
    act(() => {
      /* fire events that update state */
    });
    /* assert on the output */
    
    This ensures that you're testing the behavior the user would see in the browser. Learn more at https://react.dev/link/wrap-tests-with-act

    [0m [90m 134 |[39m     } [36mcatch[39m (error) {
     [90m 135 |[39m       [90m// Ultimate fallback - common options[39m
    [31m[1m>[22m[39m[90m 136 |[39m       setAvailableAssortments([[32m'ANETA'[39m[33m,[39m [32m'BARBARA'[39m[33m,[39m [32m'CLAUDIA'[39m[33m,[39m [32m'DIANA'[39m[33m,[39m [32m'ELENA'[39m])[33m;[39m
     [90m     |[39m       [31m[1m^[22m[39m
     [90m 137 |[39m       setAvailableColors([[32m'CZARNY'[39m[33m,[39m [32m'GRANATOWY'[39m[33m,[39m [32m'BR─äZOWY'[39m[33m,[39m [32m'BE┼╗OWY'[39m[33m,[39m [32m'CZERWONY'[39m])[33m;[39m
     [90m 138 |[39m       setAvailableSizes([[32m'XS'[39m[33m,[39m [32m'S'[39m[33m,[39m [32m'M'[39m[33m,[39m [32m'L'[39m[33m,[39m [32m'XL'[39m[33m,[39m [32m'XXL'[39m])[33m;[39m
     [90m 139 |[39m     }[0m

      at node_modules/react-test-renderer/cjs/react-test-renderer.development.js:11801:19
      at runWithFiberInDEV (node_modules/react-test-renderer/cjs/react-test-renderer.development.js:1574:13)
      at warnIfUpdatesNotWrappedWithActDEV (node_modules/react-test-renderer/cjs/react-test-renderer.development.js:11800:9)
      at scheduleUpdateOnFiber (node_modules/react-test-renderer/cjs/react-test-renderer.development.js:10326:9)
      at dispatchSetStateInternal (node_modules/react-test-renderer/cjs/react-test-renderer.development.js:4148:13)
      at dispatchSetState (node_modules/react-test-renderer/cjs/react-test-renderer.development.js:4107:7)
      at setAvailableAssortments (C:\Users\wbuko\Desktop\Programowanie\Programy\BukowskiMobileApp\BukowskiReactNativeBuild\app\(tabs)../../../../../../../remanent.jsx:136:7)
      at asyncGeneratorStep (node_modules/@babel/runtime/helpers/asyncToGenerator.js:3:17)
      at _next (node_modules/@babel/runtime/helpers/asyncToGenerator.js:17:9)

  console.error
    An update to Remanent inside a test was not wrapped in act(...).
    
    When testing, code that causes React state updates should be wrapped into act(...):
    
    act(() => {
      /* fire events that update state */
    });
    /* assert on the output */
    
    This ensures that you're testing the behavior the user would see in the browser. Learn more at https://react.dev/link/wrap-tests-with-act

    [0m [90m 135 |[39m       [90m// Ultimate fallback - common options[39m
     [90m 136 |[39m       setAvailableAssortments([[32m'ANETA'[39m[33m,[39m [32m'BARBARA'[39m[33m,[39m [32m'CLAUDIA'[39m[33m,[39m [32m'DIANA'[39m[33m,[39m [32m'ELENA'[39m])[33m;[39m
    [31m[1m>[22m[39m[90m 137 |[39m       setAvailableColors([[32m'CZARNY'[39m[33m,[39m [32m'GRANATOWY'[39m[33m,[39m [32m'BR─äZOWY'[39m[33m,[39m [32m'BE┼╗OWY'[39m[33m,[39m [32m'CZERWONY'[39m])[33m;[39m
     [90m     |[39m       [31m[1m^[22m[39m
     [90m 138 |[39m       setAvailableSizes([[32m'XS'[39m[33m,[39m [32m'S'[39m[33m,[39m [32m'M'[39m[33m,[39m [32m'L'[39m[33m,[39m [32m'XL'[39m[33m,[39m [32m'XXL'[39m])[33m;[39m
     [90m 139 |[39m     }
     [90m 140 |[39m   }[33m;[39m[0m

      at node_modules/react-test-renderer/cjs/react-test-renderer.development.js:11801:19
      at runWithFiberInDEV (node_modules/react-test-renderer/cjs/react-test-renderer.development.js:1574:13)
      at warnIfUpdatesNotWrappedWithActDEV (node_modules/react-test-renderer/cjs/react-test-renderer.development.js:11800:9)
      at scheduleUpdateOnFiber (node_modules/react-test-renderer/cjs/react-test-renderer.development.js:10326:9)
      at dispatchSetStateInternal (node_modules/react-test-renderer/cjs/react-test-renderer.development.js:4148:13)
      at dispatchSetState (node_modules/react-test-renderer/cjs/react-test-renderer.development.js:4107:7)
      at setAvailableColors (C:\Users\wbuko\Desktop\Programowanie\Programy\BukowskiMobileApp\BukowskiReactNativeBuild\app\(tabs)../../../../../../../remanent.jsx:137:7)
      at asyncGeneratorStep (node_modules/@babel/runtime/helpers/asyncToGenerator.js:3:17)
      at _next (node_modules/@babel/runtime/helpers/asyncToGenerator.js:17:9)

  console.error
    An update to Remanent inside a test was not wrapped in act(...).
    
    When testing, code that causes React state updates should be wrapped into act(...):
    
    act(() => {
      /* fire events that update state */
    });
    /* assert on the output */
    
    This ensures that you're testing the behavior the user would see in the browser. Learn more at https://react.dev/link/wrap-tests-with-act

    [0m [90m 136 |[39m       setAvailableAssortments([[32m'ANETA'[39m[33m,[39m [32m'BARBARA'[39m[33m,[39m [32m'CLAUDIA'[39m[33m,[39m [32m'DIANA'[39m[33m,[39m [32m'ELENA'[39m])[33m;[39m
     [90m 137 |[39m       setAvailableColors([[32m'CZARNY'[39m[33m,[39m [32m'GRANATOWY'[39m[33m,[39m [32m'BR─äZOWY'[39m[33m,[39m [32m'BE┼╗OWY'[39m[33m,[39m [32m'CZERWONY'[39m])[33m;[39m
    [31m[1m>[22m[39m[90m 138 |[39m       setAvailableSizes([[32m'XS'[39m[33m,[39m [32m'S'[39m[33m,[39m [32m'M'[39m[33m,[39m [32m'L'[39m[33m,[39m [32m'XL'[39m[33m,[39m [32m'XXL'[39m])[33m;[39m
     [90m     |[39m       [31m[1m^[22m[39m
     [90m 139 |[39m     }
     [90m 140 |[39m   }[33m;[39m
     [90m 141 |[39m[0m

      at node_modules/react-test-renderer/cjs/react-test-renderer.development.js:11801:19
      at runWithFiberInDEV (node_modules/react-test-renderer/cjs/react-test-renderer.development.js:1574:13)
      at warnIfUpdatesNotWrappedWithActDEV (node_modules/react-test-renderer/cjs/react-test-renderer.development.js:11800:9)
      at scheduleUpdateOnFiber (node_modules/react-test-renderer/cjs/react-test-renderer.development.js:10326:9)
      at dispatchSetStateInternal (node_modules/react-test-renderer/cjs/react-test-renderer.development.js:4148:13)
      at dispatchSetState (node_modules/react-test-renderer/cjs/react-test-renderer.development.js:4107:7)
      at setAvailableSizes (C:\Users\wbuko\Desktop\Programowanie\Programy\BukowskiMobileApp\BukowskiReactNativeBuild\app\(tabs)../../../../../../../remanent.jsx:138:7)
      at asyncGeneratorStep (node_modules/@babel/runtime/helpers/asyncToGenerator.js:3:17)
      at _next (node_modules/@babel/runtime/helpers/asyncToGenerator.js:17:9)

  console.log
    ­čŚĹ´ŞĆ Zresetowano wys┼éane korekty

      at log (C:\Users\wbuko\Desktop\Programowanie\Programy\BukowskiMobileApp\BukowskiReactNativeBuild\app\(tabs)../../../../../../../remanent.jsx:877:15)

  console.error
    ÔŁî Error checking current state: TypeError: allStateData.filter is not a function
        at filter (C:\Users\wbuko\Desktop\Programowanie\Programy\BukowskiMobileApp\BukowskiReactNativeBuild\app\(tabs)\remanent.jsx:648:41)
        at Generator.next (<anonymous>)
        at asyncGeneratorStep (C:\Users\wbuko\Desktop\Programowanie\Programy\BukowskiMobileApp\BukowskiReactNativeBuild\node_modules\@babel\runtime\helpers\asyncToGenerator.js:3:17)
        at _next (C:\Users\wbuko\Desktop\Programowanie\Programy\BukowskiMobileApp\BukowskiReactNativeBuild\node_modules\@babel\runtime\helpers\asyncToGenerator.js:17:9)

    [0m [90m 771 |[39m       }
     [90m 772 |[39m     } [36mcatch[39m (error) {
    [31m[1m>[22m[39m[90m 773 |[39m       console[33m.[39merror([32m'ÔŁî Error checking current state:'[39m[33m,[39m error)[33m;[39m
     [90m     |[39m               [31m[1m^[22m[39m
     [90m 774 |[39m       [33mAlert[39m[33m.[39malert([32m'B┼é─ůd'[39m[33m,[39m [32m'Wyst─ůpi┼é b┼é─ůd podczas sprawdzania stanu'[39m)[33m;[39m
     [90m 775 |[39m     }
     [90m 776 |[39m   }[33m;[39m[0m

      at error (C:\Users\wbuko\Desktop\Programowanie\Programy\BukowskiMobileApp\BukowskiReactNativeBuild\app\(tabs)../../../../../../../remanent.jsx:773:15)
      at asyncGeneratorStep (node_modules/@babel/runtime/helpers/asyncToGenerator.js:3:17)
      at _next (node_modules/@babel/runtime/helpers/asyncToGenerator.js:17:9)

node.exe : FAIL __tests__/components/Remanent.test.js
At line:1 char:1
+ & "C:\Program Files\nodejs/node.exe" "C:\Program Files\nodejs/node_mo ...
+ ~~~~~~~~~~~~~~~~~~~~~~~~~~~~~~~~~~~~~~~~~~~~~~~~~~~~~~~~~~~~~~~~~~~~~
    + CategoryInfo          : NotSpecified: (FAIL __tests__/...emanent.test.js:String) [], RemoteException
    + FullyQualifiedErrorId : NativeCommandError
 
  Remanent Component Tests
    Component Rendering
      ÔłÜ should render without crashing (340 ms)
      ÔłÜ should display loading indicator initially (48 ms)
      ÔłÜ should fetch and display remanent data (30 ms)
      ÔłÜ should display scan button (68 ms)
      ÔłÜ should display compare button (52 ms)
      ÔłÜ should display save button (27 ms)
    Filtering Functionality
      ÔłÜ should display filter button (54 ms)
      ÔłÜ should open filter modal when filter button clicked (75 ms)
    Comparison Modal
      ÔłÜ should show comparison results when compare button pressed (77 ms)
    Refresh Functionality
      ├Ś should support pull-to-refresh (1019 ms)
    Data Persistence
      ÔłÜ should load data from AsyncStorage on mount (29 ms)
    Error Handling
      ├Ś should handle fetch errors gracefully (1017 ms)
      ÔłÜ should handle empty response data (66 ms)
    Size Extraction Display
      ÔłÜ should display product name without size (28 ms)
      ÔłÜ should extract and display size separately (28 ms)
    User Context Integration
      ÔłÜ should use user context data (26 ms)
      ÔłÜ should access state data for comparison (69 ms)
    API Integration
      ÔłÜ should call correct API endpoint for fetching remanent (27 ms)
      ├Ś should call API with correct method for saving (1071 ms)
      ÔłÜ should send corrections to API (75 ms)
    Correction Tracking
      ÔłÜ should track sent corrections to prevent duplicates (58 ms)
    Progress Tracking
      ÔłÜ should initialize scan progress state (52 ms)

  ÔŚĆ Remanent Component Tests ÔÇ║ Refresh Functionality ÔÇ║ should support pull-to-refresh

    expect(jest.fn()).toHaveBeenCalledTimes(expected)

    Expected number of calls: 1
    Received number of calls: 7

    [0m [90m 245 |[39m       )[33m;[39m
     [90m 246 |[39m
    [31m[1m>[22m[39m[90m 247 |[39m       [36mawait[39m waitFor(() [33m=>[39m {
     [90m     |[39m                    [31m[1m^[22m[39m
     [90m 248 |[39m         expect(tokenService[33m.[39mauthenticatedFetch)[33m.[39mtoHaveBeenCalledTimes([35m1[39m)[33m;[39m
     [90m 249 |[39m       })[33m;[39m
     [90m 250 |[39m[0m

      at Object.<anonymous> (__tests__/components/Remanent.test.js:247:20)
      at asyncGeneratorStep (node_modules/@babel/runtime/helpers/asyncToGenerator.js:3:17)
      at _next (node_modules/@babel/runtime/helpers/asyncToGenerator.js:17:9)
      at node_modules/@babel/runtime/helpers/asyncToGenerator.js:22:7
      at Object.<anonymous> (node_modules/@babel/runtime/helpers/asyncToGenerator.js:14:12)

  ÔŚĆ Remanent Component Tests ÔÇ║ Error Handling ÔÇ║ should handle fetch errors gracefully

    expect(jest.fn()).toHaveBeenCalled()

    Expected number of calls: >= 1
    Received number of calls:    0

    [0m [90m 281 |[39m       )[33m;[39m
     [90m 282 |[39m
    [31m[1m>[22m[39m[90m 283 |[39m       [36mawait[39m waitFor(() [33m=>[39m {
     [90m     |[39m                    [31m[1m^[22m[39m
     [90m 284 |[39m         expect([33mAlert[39m[33m.[39malert)[33m.[39mtoHaveBeenCalled()[33m;[39m
     [90m 285 |[39m       })[33m;[39m
     [90m 286 |[39m     })[33m;[39m[0m

      at Object.<anonymous> (__tests__/components/Remanent.test.js:283:20)
      at asyncGeneratorStep (node_modules/@babel/runtime/helpers/asyncToGenerator.js:3:17)
      at _next (node_modules/@babel/runtime/helpers/asyncToGenerator.js:17:9)
      at node_modules/@babel/runtime/helpers/asyncToGenerator.js:22:7
      at Object.<anonymous> (node_modules/@babel/runtime/helpers/asyncToGenerator.js:14:12)

  ÔŚĆ Remanent Component Tests ÔÇ║ API Integration ÔÇ║ should call API with correct method for saving

    expect(received).toBeDefined()

    Received: undefined

    [0m [90m 394 |[39m
     [90m 395 |[39m       [90m// Should call POST endpoint[39m
    [31m[1m>[22m[39m[90m 396 |[39m       [36mawait[39m waitFor(() [33m=>[39m {
     [90m     |[39m                    [31m[1m^[22m[39m
     [90m 397 |[39m         [36mconst[39m calls [33m=[39m tokenService[33m.[39mauthenticatedFetch[33m.[39mmock[33m.[39mcalls[33m;[39m
     [90m 398 |[39m         [36mconst[39m postCall [33m=[39m calls[33m.[39mfind(call [33m=>[39m call[[35m1[39m][33m?[39m[33m.[39mmethod [33m===[39m [32m'POST'[39m)[33m;[39m
     [90m 399 |[39m         expect(postCall)[33m.[39mtoBeDefined()[33m;[39m[0m

      at Object.<anonymous> (__tests__/components/Remanent.test.js:396:20)
      at asyncGeneratorStep (node_modules/@babel/runtime/helpers/asyncToGenerator.js:3:17)
      at _next (node_modules/@babel/runtime/helpers/asyncToGenerator.js:17:9)

Test Suites: 1 failed, 1 total
Tests:       3 failed, 19 passed, 22 total
Snapshots:   0 total
Time:        4.855 s
Ran all test suites matching /components\\Remanent.test.js/i.
